This is LuaHBTeX, Version 1.24.0 (MiKTeX 26.2) (format=lualatex 2026.4.21)  28 APR 2026 22:18
 restricted system commands enabled.
**report.tex
(./report.tex
LaTeX2e <2025-11-01>
L3 programming layer <2026-03-20>
Lua module: luaotfload 2024-12-03 v3.29 Lua based OpenType font support
Lua module: lualibs 2023-07-13 v2.76 ConTeXt Lua standard libraries.
Lua module: lualibs-extended 2023-07-13 v2.76 ConTeXt Lua libraries -- extended 
collection.
luaotfload | conf : Root cache directory is "C:/Users/Admin/AppData/Local/MiKTeX
/luatex-cache/generic/names".
luaotfload | init : Loading fontloader "fontloader-2023-12-28.lua" from kpse-res
olved path "C:/Users/Admin/AppData/Local/Programs/MiKTeX/tex/luatex/luaotfload/f
ontloader-2023-12-28.lua".
Lua-only attribute luaotfload@noligature = 1
luaotfload | init : Context OpenType loader version 3.134
Inserting `luaotfload.node_processor' in `pre_linebreak_filter'.
Inserting `luaotfload.node_processor' in `hpack_filter'.
Inserting `luaotfload.glyph_stream' in `glyph_stream_provider'.
Inserting `luaotfload.define_font' in `define_font'.
Lua-only attribute luaotfload_color_attribute = 2
luaotfload | conf : Root cache directory is "C:/Users/Admin/AppData/Local/MiKTeX
/luatex-cache/generic/names".
Inserting `luaotfload.harf.strip_prefix' in `find_opentype_file'.
Inserting `luaotfload.harf.strip_prefix' in `find_truetype_file'.
Removing  `luaotfload.glyph_stream' from `glyph_stream_provider'.
Inserting `luaotfload.harf.glyphstream' in `glyph_stream_provider'.
Inserting `luaotfload.harf.finalize_vlist' in `post_linebreak_filter'.
Inserting `luaotfload.harf.finalize_hlist' in `hpack_filter'.
Inserting `luaotfload.cleanup_files' in `wrapup_run'.
Inserting `luaotfload.harf.finalize_unicode' in `finish_pdffile'.
Inserting `luaotfload.glyphinfo' in `glyph_info'.
Lua-only attribute luaotfload.letterspace_done = 3
Inserting `luaotfload.aux.set_sscale_dimens' in `luaotfload.patch_font'.
Inserting `luaotfload.aux.set_font_index' in `luaotfload.patch_font'.
Inserting `luaotfload.aux.patch_cambria_domh' in `luaotfload.patch_font'.
Inserting `luaotfload.aux.fixup_fontdata' in `luaotfload.patch_font_unsafe'.
Inserting `luaotfload.aux.set_capheight' in `luaotfload.patch_font'.
Inserting `luaotfload.aux.set_xheight' in `luaotfload.patch_font'.
Inserting `luaotfload.rewrite_fontname' in `luaotfload.patch_font'.
Inserting `tracingstacklevels' in `input_level_string'. (C:/Users/Admin/AppData
/Local/Programs/MiKTeX/tex/latex/base/article.cls
Document Class: article 2025/01/22 v1.4n Standard LaTeX document class
(C:/Users/Admin/AppData/Local/Programs/MiKTeX/tex/latex/base/size12.clo
File: size12.clo 2025/01/22 v1.4n Standard LaTeX file (size option)
luaotfload | db : Font names database loaded from C:/Users/Admin/AppData/Local/M
iKTeX/luatex-cache/generic/names/luaotfload-names.luc.gz)
\c@part=\count273
\c@section=\count274
\c@subsection=\count275
\c@subsubsection=\count276
\c@paragraph=\count277
\c@subparagraph=\count278
\c@figure=\count279
\c@table=\count280
\abovecaptionskip=\skip49
\belowcaptionskip=\skip50
\bibindent=\dimen149
)
(./preamble.tex
(C:/Users/Admin/AppData/Local/Programs/MiKTeX/tex/latex/graphics/graphicx.sty
Package: graphicx 2024/12/31 v1.2e Enhanced LaTeX Graphics (DPC,SPQR)

(C:/Users/Admin/AppData/Local/Programs/MiKTeX/tex/latex/graphics/keyval.sty
Package: keyval 2022/05/29 v1.15 key=value parser (DPC)
\KV@toks@=\toks17
)
(C:/Users/Admin/AppData/Local/Programs/MiKTeX/tex/latex/graphics/graphics.sty
Package: graphics 2024/08/06 v1.4g Standard LaTeX Graphics (DPC,SPQR)

(C:/Users/Admin/AppData/Local/Programs/MiKTeX/tex/latex/graphics/trig.sty
Package: trig 2023/12/02 v1.11 sin cos tan (DPC)
)
(C:/Users/Admin/AppData/Local/Programs/MiKTeX/tex/latex/graphics-cfg/graphics.c
fg
File: graphics.cfg 2016/06/04 v1.11 sample graphics configuration
)
Package graphics Info: Driver file: luatex.def on input line 106.

(C:/Users/Admin/AppData/Local/Programs/MiKTeX/tex/latex/graphics-def/luatex.def
File: luatex.def 2025/09/29 v1.2f Graphics/color driver for luatex
))
\Gin@req@height=\dimen150
\Gin@req@width=\dimen151
)
(C:/Users/Admin/AppData/Local/Programs/MiKTeX/tex/latex/geometry/geometry.sty
Package: geometry 2026/03/07 v6.0 Page Geometry

(C:/Users/Admin/AppData/Local/Programs/MiKTeX/tex/generic/iftex/ifvtex.sty
Package: ifvtex 2019/10/25 v1.7 ifvtex legacy package. Use iftex instead.

(C:/Users/Admin/AppData/Local/Programs/MiKTeX/tex/generic/iftex/iftex.sty
Package: iftex 2024/12/12 v1.0g TeX engine tests
))
\Gm@cnth=\count281
\Gm@cntv=\count282
\c@Gm@tempcnt=\count283
\Gm@bindingoffset=\dimen152
\Gm@wd@mp=\dimen153
\Gm@odd@mp=\dimen154
\Gm@even@mp=\dimen155
\Gm@layoutwidth=\dimen156
\Gm@layoutheight=\dimen157
\Gm@layouthoffset=\dimen158
\Gm@layoutvoffset=\dimen159
\Gm@dimlist=\toks18

(C:/Users/Admin/AppData/Local/Programs/MiKTeX/tex/latex/geometry/geometry.cfg))
(C:/Users/Admin/AppData/Local/Programs/MiKTeX/tex/latex/pgf/frontendlayer/tikz.
sty
(C:/Users/Admin/AppData/Local/Programs/MiKTeX/tex/latex/pgf/basiclayer/pgf.sty
(C:/Users/Admin/AppData/Local/Programs/MiKTeX/tex/latex/pgf/utilities/pgfrcs.st
y
(C:/Users/Admin/AppData/Local/Programs/MiKTeX/tex/generic/pgf/utilities/pgfutil
-common.tex
\pgfutil@everybye=\toks19
\pgfutil@tempdima=\dimen160
\pgfutil@tempdimb=\dimen161
)
(C:/Users/Admin/AppData/Local/Programs/MiKTeX/tex/generic/pgf/utilities/pgfutil
-latex.def
\pgfutil@abb=\box53
)
(C:/Users/Admin/AppData/Local/Programs/MiKTeX/tex/generic/pgf/utilities/pgfrcs.
code.tex
(C:/Users/Admin/AppData/Local/Programs/MiKTeX/tex/generic/pgf/pgf.revision.tex)
Package: pgfrcs 2025-08-29 v3.1.11a (3.1.11a)
))
Package: pgf 2025-08-29 v3.1.11a (3.1.11a)

(C:/Users/Admin/AppData/Local/Programs/MiKTeX/tex/latex/pgf/basiclayer/pgfcore.
sty
(C:/Users/Admin/AppData/Local/Programs/MiKTeX/tex/latex/pgf/systemlayer/pgfsys.
sty
(C:/Users/Admin/AppData/Local/Programs/MiKTeX/tex/generic/pgf/systemlayer/pgfsy
s.code.tex
Package: pgfsys 2025-08-29 v3.1.11a (3.1.11a)

(C:/Users/Admin/AppData/Local/Programs/MiKTeX/tex/generic/pgf/utilities/pgfkeys
.code.tex
\pgfkeys@pathtoks=\toks20
\pgfkeys@temptoks=\toks21

(C:/Users/Admin/AppData/Local/Programs/MiKTeX/tex/generic/pgf/utilities/pgfkeys
libraryfiltered.code.tex
\pgfkeys@tmptoks=\toks22
))
\pgf@x=\dimen162
\pgf@y=\dimen163
\pgf@xa=\dimen164
\pgf@ya=\dimen165
\pgf@xb=\dimen166
\pgf@yb=\dimen167
\pgf@xc=\dimen168
\pgf@yc=\dimen169
\pgf@xd=\dimen170
\pgf@yd=\dimen171
\w@pgf@writea=\write3
\r@pgf@reada=\read2
\c@pgf@counta=\count284
\c@pgf@countb=\count285
\c@pgf@countc=\count286
\c@pgf@countd=\count287
\t@pgf@toka=\toks23
\t@pgf@tokb=\toks24
\t@pgf@tokc=\toks25
\pgf@sys@id@count=\count288

(C:/Users/Admin/AppData/Local/Programs/MiKTeX/tex/generic/pgf/systemlayer/pgf.c
fg
File: pgf.cfg 2025-08-29 v3.1.11a (3.1.11a)
)
Driver file for pgf: pgfsys-luatex.def

(C:/Users/Admin/AppData/Local/Programs/MiKTeX/tex/generic/pgf/systemlayer/pgfsy
s-luatex.def
File: pgfsys-luatex.def 2025-08-29 v3.1.11a (3.1.11a)

(C:/Users/Admin/AppData/Local/Programs/MiKTeX/tex/generic/pgf/systemlayer/pgfsy
s-common-pdf.def
File: pgfsys-common-pdf.def 2025-08-29 v3.1.11a (3.1.11a)
)))
(C:/Users/Admin/AppData/Local/Programs/MiKTeX/tex/generic/pgf/systemlayer/pgfsy
ssoftpath.code.tex
File: pgfsyssoftpath.code.tex 2025-08-29 v3.1.11a (3.1.11a)
\pgfsyssoftpath@smallbuffer@items=\count289
\pgfsyssoftpath@bigbuffer@items=\count290
)
(C:/Users/Admin/AppData/Local/Programs/MiKTeX/tex/generic/pgf/systemlayer/pgfsy
sprotocol.code.tex
File: pgfsysprotocol.code.tex 2025-08-29 v3.1.11a (3.1.11a)
))
(C:/Users/Admin/AppData/Local/Programs/MiKTeX/tex/latex/xcolor/xcolor.sty
Package: xcolor 2024/09/29 v3.02 LaTeX color extensions (UK)

(C:/Users/Admin/AppData/Local/Programs/MiKTeX/tex/latex/graphics-cfg/color.cfg
File: color.cfg 2016/01/02 v1.6 sample color configuration
)
Package xcolor Info: Driver file: luatex.def on input line 274.
(C:/Users/Admin/AppData/Local/Programs/MiKTeX/tex/latex/graphics/mathcolor.ltx)
Package xcolor Info: Model `cmy' substituted by `cmy0' on input line 1349.
Package xcolor Info: Model `hsb' substituted by `rgb' on input line 1353.
Package xcolor Info: Model `RGB' extended on input line 1365.
Package xcolor Info: Model `HTML' substituted by `rgb' on input line 1367.
Package xcolor Info: Model `Hsb' substituted by `hsb' on input line 1368.
Package xcolor Info: Model `tHsb' substituted by `hsb' on input line 1369.
Package xcolor Info: Model `HSB' substituted by `hsb' on input line 1370.
Package xcolor Info: Model `Gray' substituted by `gray' on input line 1371.
Package xcolor Info: Model `wave' substituted by `hsb' on input line 1372.
)
(C:/Users/Admin/AppData/Local/Programs/MiKTeX/tex/generic/pgf/basiclayer/pgfcor
e.code.tex
Package: pgfcore 2025-08-29 v3.1.11a (3.1.11a)

(C:/Users/Admin/AppData/Local/Programs/MiKTeX/tex/generic/pgf/math/pgfmath.code
.tex
(C:/Users/Admin/AppData/Local/Programs/MiKTeX/tex/generic/pgf/math/pgfmathutil.
code.tex)
(C:/Users/Admin/AppData/Local/Programs/MiKTeX/tex/generic/pgf/math/pgfmathparse
r.code.tex
\pgfmath@dimen=\dimen172
\pgfmath@count=\count291
\pgfmath@box=\box54
\pgfmath@toks=\toks26
\pgfmath@stack@operand=\toks27
\pgfmath@stack@operation=\toks28
)
(C:/Users/Admin/AppData/Local/Programs/MiKTeX/tex/generic/pgf/math/pgfmathfunct
ions.code.tex)
(C:/Users/Admin/AppData/Local/Programs/MiKTeX/tex/generic/pgf/math/pgfmathfunct
ions.basic.code.tex)
(C:/Users/Admin/AppData/Local/Programs/MiKTeX/tex/generic/pgf/math/pgfmathfunct
ions.trigonometric.code.tex)
(C:/Users/Admin/AppData/Local/Programs/MiKTeX/tex/generic/pgf/math/pgfmathfunct
ions.random.code.tex)
(C:/Users/Admin/AppData/Local/Programs/MiKTeX/tex/generic/pgf/math/pgfmathfunct
ions.comparison.code.tex)
(C:/Users/Admin/AppData/Local/Programs/MiKTeX/tex/generic/pgf/math/pgfmathfunct
ions.base.code.tex)
(C:/Users/Admin/AppData/Local/Programs/MiKTeX/tex/generic/pgf/math/pgfmathfunct
ions.round.code.tex)
(C:/Users/Admin/AppData/Local/Programs/MiKTeX/tex/generic/pgf/math/pgfmathfunct
ions.misc.code.tex)
(C:/Users/Admin/AppData/Local/Programs/MiKTeX/tex/generic/pgf/math/pgfmathfunct
ions.integerarithmetics.code.tex)
(C:/Users/Admin/AppData/Local/Programs/MiKTeX/tex/generic/pgf/math/pgfmathcalc.
code.tex)
(C:/Users/Admin/AppData/Local/Programs/MiKTeX/tex/generic/pgf/math/pgfmathfloat
.code.tex
\c@pgfmathroundto@lastzeros=\count292
))
(C:/Users/Admin/AppData/Local/Programs/MiKTeX/tex/generic/pgf/math/pgfint.code.
tex)
(C:/Users/Admin/AppData/Local/Programs/MiKTeX/tex/generic/pgf/basiclayer/pgfcor
epoints.code.tex
File: pgfcorepoints.code.tex 2025-08-29 v3.1.11a (3.1.11a)
\pgf@picminx=\dimen173
\pgf@picmaxx=\dimen174
\pgf@picminy=\dimen175
\pgf@picmaxy=\dimen176
\pgf@pathminx=\dimen177
\pgf@pathmaxx=\dimen178
\pgf@pathminy=\dimen179
\pgf@pathmaxy=\dimen180
\pgf@xx=\dimen181
\pgf@xy=\dimen182
\pgf@yx=\dimen183
\pgf@yy=\dimen184
\pgf@zx=\dimen185
\pgf@zy=\dimen186
)
(C:/Users/Admin/AppData/Local/Programs/MiKTeX/tex/generic/pgf/basiclayer/pgfcor
epathconstruct.code.tex
File: pgfcorepathconstruct.code.tex 2025-08-29 v3.1.11a (3.1.11a)
\pgf@path@lastx=\dimen187
\pgf@path@lasty=\dimen188
)
(C:/Users/Admin/AppData/Local/Programs/MiKTeX/tex/generic/pgf/basiclayer/pgfcor
epathusage.code.tex
File: pgfcorepathusage.code.tex 2025-08-29 v3.1.11a (3.1.11a)
\pgf@shorten@end@additional=\dimen189
\pgf@shorten@start@additional=\dimen190
)
(C:/Users/Admin/AppData/Local/Programs/MiKTeX/tex/generic/pgf/basiclayer/pgfcor
escopes.code.tex
File: pgfcorescopes.code.tex 2025-08-29 v3.1.11a (3.1.11a)
\pgfpic=\box55
\pgf@hbox=\box56
\pgf@layerbox@main=\box57
\pgf@picture@serial@count=\count293
)
(C:/Users/Admin/AppData/Local/Programs/MiKTeX/tex/generic/pgf/basiclayer/pgfcor
egraphicstate.code.tex
File: pgfcoregraphicstate.code.tex 2025-08-29 v3.1.11a (3.1.11a)
\pgflinewidth=\dimen191
)
(C:/Users/Admin/AppData/Local/Programs/MiKTeX/tex/generic/pgf/basiclayer/pgfcor
etransformations.code.tex
File: pgfcoretransformations.code.tex 2025-08-29 v3.1.11a (3.1.11a)
\pgf@pt@x=\dimen192
\pgf@pt@y=\dimen193
\pgf@pt@temp=\dimen194
)
(C:/Users/Admin/AppData/Local/Programs/MiKTeX/tex/generic/pgf/basiclayer/pgfcor
equick.code.tex
File: pgfcorequick.code.tex 2025-08-29 v3.1.11a (3.1.11a)
)
(C:/Users/Admin/AppData/Local/Programs/MiKTeX/tex/generic/pgf/basiclayer/pgfcor
eobjects.code.tex
File: pgfcoreobjects.code.tex 2025-08-29 v3.1.11a (3.1.11a)
)
(C:/Users/Admin/AppData/Local/Programs/MiKTeX/tex/generic/pgf/basiclayer/pgfcor
epathprocessing.code.tex
File: pgfcorepathprocessing.code.tex 2025-08-29 v3.1.11a (3.1.11a)
)
(C:/Users/Admin/AppData/Local/Programs/MiKTeX/tex/generic/pgf/basiclayer/pgfcor
earrows.code.tex
File: pgfcorearrows.code.tex 2025-08-29 v3.1.11a (3.1.11a)
\pgfarrowsep=\dimen195
)
(C:/Users/Admin/AppData/Local/Programs/MiKTeX/tex/generic/pgf/basiclayer/pgfcor
eshade.code.tex
File: pgfcoreshade.code.tex 2025-08-29 v3.1.11a (3.1.11a)
\pgf@max=\dimen196
\pgf@sys@shading@range@num=\count294
\pgf@shadingcount=\count295
)
(C:/Users/Admin/AppData/Local/Programs/MiKTeX/tex/generic/pgf/basiclayer/pgfcor
eimage.code.tex
File: pgfcoreimage.code.tex 2025-08-29 v3.1.11a (3.1.11a)
)
(C:/Users/Admin/AppData/Local/Programs/MiKTeX/tex/generic/pgf/basiclayer/pgfcor
eexternal.code.tex
File: pgfcoreexternal.code.tex 2025-08-29 v3.1.11a (3.1.11a)
\pgfexternal@startupbox=\box58
)
(C:/Users/Admin/AppData/Local/Programs/MiKTeX/tex/generic/pgf/basiclayer/pgfcor
elayers.code.tex
File: pgfcorelayers.code.tex 2025-08-29 v3.1.11a (3.1.11a)
)
(C:/Users/Admin/AppData/Local/Programs/MiKTeX/tex/generic/pgf/basiclayer/pgfcor
etransparency.code.tex
File: pgfcoretransparency.code.tex 2025-08-29 v3.1.11a (3.1.11a)
)
(C:/Users/Admin/AppData/Local/Programs/MiKTeX/tex/generic/pgf/basiclayer/pgfcor
epatterns.code.tex
File: pgfcorepatterns.code.tex 2025-08-29 v3.1.11a (3.1.11a)
)
(C:/Users/Admin/AppData/Local/Programs/MiKTeX/tex/generic/pgf/basiclayer/pgfcor
erdf.code.tex
File: pgfcorerdf.code.tex 2025-08-29 v3.1.11a (3.1.11a)
)))
(C:/Users/Admin/AppData/Local/Programs/MiKTeX/tex/generic/pgf/modules/pgfmodule
shapes.code.tex
File: pgfmoduleshapes.code.tex 2025-08-29 v3.1.11a (3.1.11a)
\pgfnodeparttextbox=\box59
)
(C:/Users/Admin/AppData/Local/Programs/MiKTeX/tex/generic/pgf/modules/pgfmodule
plot.code.tex
File: pgfmoduleplot.code.tex 2025-08-29 v3.1.11a (3.1.11a)
)
(C:/Users/Admin/AppData/Local/Programs/MiKTeX/tex/latex/pgf/compatibility/pgfco
mp-version-0-65.sty
Package: pgfcomp-version-0-65 2025-08-29 v3.1.11a (3.1.11a)
\pgf@nodesepstart=\dimen197
\pgf@nodesepend=\dimen198
)
(C:/Users/Admin/AppData/Local/Programs/MiKTeX/tex/latex/pgf/compatibility/pgfco
mp-version-1-18.sty
Package: pgfcomp-version-1-18 2025-08-29 v3.1.11a (3.1.11a)
))
(C:/Users/Admin/AppData/Local/Programs/MiKTeX/tex/latex/pgf/utilities/pgffor.st
y
(C:/Users/Admin/AppData/Local/Programs/MiKTeX/tex/latex/pgf/utilities/pgfkeys.s
ty
(C:/Users/Admin/AppData/Local/Programs/MiKTeX/tex/generic/pgf/utilities/pgfkeys
.code.tex))
(C:/Users/Admin/AppData/Local/Programs/MiKTeX/tex/latex/pgf/math/pgfmath.sty
(C:/Users/Admin/AppData/Local/Programs/MiKTeX/tex/generic/pgf/math/pgfmath.code
.tex))
(C:/Users/Admin/AppData/Local/Programs/MiKTeX/tex/generic/pgf/utilities/pgffor.
code.tex
Package: pgffor 2025-08-29 v3.1.11a (3.1.11a)
\pgffor@iter=\dimen199
\pgffor@skip=\dimen256
\pgffor@stack=\toks29
\pgffor@toks=\toks30
))
(C:/Users/Admin/AppData/Local/Programs/MiKTeX/tex/generic/pgf/frontendlayer/tik
z/tikz.code.tex
Package: tikz 2025-08-29 v3.1.11a (3.1.11a)

(C:/Users/Admin/AppData/Local/Programs/MiKTeX/tex/generic/pgf/libraries/pgflibr
aryplothandlers.code.tex
File: pgflibraryplothandlers.code.tex 2025-08-29 v3.1.11a (3.1.11a)
\pgf@plot@mark@count=\count296
\pgfplotmarksize=\dimen257
)
\tikz@lastx=\dimen258
\tikz@lasty=\dimen259
\tikz@lastxsaved=\dimen260
\tikz@lastysaved=\dimen261
\tikz@lastmovetox=\dimen262
\tikz@lastmovetoy=\dimen263
\tikzleveldistance=\dimen264
\tikzsiblingdistance=\dimen265
\tikz@figbox=\box60
\tikz@figbox@bg=\box61
\tikz@tempbox=\box62
\tikz@tempbox@bg=\box63
\tikztreelevel=\count297
\tikznumberofchildren=\count298
\tikznumberofcurrentchild=\count299
\tikz@fig@count=\count300

(C:/Users/Admin/AppData/Local/Programs/MiKTeX/tex/generic/pgf/modules/pgfmodule
matrix.code.tex
File: pgfmodulematrix.code.tex 2025-08-29 v3.1.11a (3.1.11a)
\pgfmatrixcurrentrow=\count301
\pgfmatrixcurrentcolumn=\count302
\pgf@matrix@numberofcolumns=\count303
)
\tikz@expandcount=\count304

(C:/Users/Admin/AppData/Local/Programs/MiKTeX/tex/generic/pgf/frontendlayer/tik
z/libraries/tikzlibrarytopaths.code.tex
File: tikzlibrarytopaths.code.tex 2025-08-29 v3.1.11a (3.1.11a)
)))
(C:/Users/Admin/AppData/Local/Programs/MiKTeX/tex/latex/fontspec/fontspec.sty
(C:/Users/Admin/AppData/Local/Programs/MiKTeX/tex/latex/l3packages/xparse/xpars
e.sty
(C:/Users/Admin/AppData/Local/Programs/MiKTeX/tex/latex/l3kernel/expl3.sty
Package: expl3 2026-03-20 L3 programming layer (loader) 

(C:/Users/Admin/AppData/Local/Programs/MiKTeX/tex/latex/l3backend/l3backend-lua
tex.def
File: l3backend-luatex.def 2026-02-18 L3 backend support: PDF output (LuaTeX)
\l__color_backend_stack_int=\count305
Inserting `l3color' in `luaotfload.parse_color'.))
Package: xparse 2025-10-09 L3 Experimental document command parser
)
Package: fontspec 2025/09/29 v2.9g Font selection for XeLaTeX and LuaLaTeX
Lua module: fontspec 2025/09/29 v2.9g Font selection for XeLaTeX and LuaLaTeX
(C:/Users/Admin/AppData/Local/Programs/MiKTeX/tex/latex/fontspec/fontspec-luate
x.sty
Package: fontspec-luatex 2025/09/29 v2.9g Font selection for XeLaTeX and LuaLaT
eX
\l__fontspec_script_int=\count306
\l__fontspec_language_int=\count307
\l__fontspec_strnum_int=\count308
\l__fontspec_tmp_int=\count309
\l__fontspec_tmpa_int=\count310
\l__fontspec_tmpb_int=\count311
\l__fontspec_tmpc_int=\count312
\l__fontspec_em_int=\count313
\l__fontspec_emdef_int=\count314
\l__fontspec_strong_int=\count315
\l__fontspec_strongdef_int=\count316
\l__fontspec_tmpa_dim=\dimen266
\l__fontspec_tmpb_dim=\dimen267
\l__fontspec_tmpc_dim=\dimen268
 (C:/Users/Admin/AppData/Local/Programs/MiKTeX/tex/latex/base/fontenc.sty
Package: fontenc 2025/07/18 v2.1d Standard LaTeX package
) (C:/Users/Admin/AppData/Local/Programs/MiKTeX/tex/latex/fontspec/fontspec.cfg
)))
(C:/Users/Admin/AppData/Local/Programs/MiKTeX/tex/latex/polyglossia/polyglossia
.sty
Package: polyglossia 2025/12/01 v2.9 Modern multilingual typesetting with XeLaT
eX and LuaLaTeX

(C:/Users/Admin/AppData/Local/Programs/MiKTeX/tex/latex/etoolbox/etoolbox.sty
Package: etoolbox 2025/10/02 v2.5m e-TeX tools for LaTeX (JAW)
\etb@tempcnta=\count317
)
Lua module: polyglossia 2013/05/11 v1.3 Polyglossia
\l_xpg_alias_keyvals_int=\count318

(C:/Users/Admin/AppData/Local/Programs/MiKTeX/tex/latex/polyglossia/gloss-latex
.ldf
File: gloss-latex.ldf polyglossia: module for default language
)

Package polyglossia Info: Setting LuaTeX font renderer to Harfbuzz

)
(C:/Users/Admin/AppData/Local/Programs/MiKTeX/tex/latex/polyglossia/gloss-vietn
amese.ldf
File: gloss-vietnamese.ldf polyglossia: module for Vietnamese
)

Package polyglossia Info: Default language is vietnamese


(C:/Users/Admin/AppData/Local/Programs/MiKTeX/tex/latex/polyglossia/gloss-engli
sh.ldf
File: gloss-english.ldf polyglossia: module for English
)
(C:/Users/Admin/AppData/Local/Programs/MiKTeX/tex/latex/caption/caption.sty
Package: caption 2023/08/05 v3.6o Customizing captions (AR)

(C:/Users/Admin/AppData/Local/Programs/MiKTeX/tex/latex/caption/caption3.sty
Package: caption3 2023/07/31 v2.4d caption3 kernel (AR)
\caption@tempdima=\dimen269
\captionmargin=\dimen270
\caption@leftmargin=\dimen271
\caption@rightmargin=\dimen272
\caption@width=\dimen273
\caption@indent=\dimen274
\caption@parindent=\dimen275
\caption@hangindent=\dimen276
Package caption Info: Standard document class detected.
)
\c@caption@flags=\count319
\c@continuedfloat=\count320
)
(C:/Users/Admin/AppData/Local/Programs/MiKTeX/tex/latex/import/import.sty
Package: import 2020/04/01  v 6.2
)
(C:/Users/Admin/AppData/Local/Programs/MiKTeX/tex/latex/pdflscape/pdflscape.sty
Package: pdflscape 2022-10-27 v0.13 Display of landscape pages in PDF

(C:/Users/Admin/AppData/Local/Programs/MiKTeX/tex/latex/pdflscape/pdflscape-nom
etadata.sty
Package: pdflscape-nometadata 2022-10-28 v0.13 Display of landscape pages in PD
F (HO)

(C:/Users/Admin/AppData/Local/Programs/MiKTeX/tex/latex/graphics/lscape.sty
Package: lscape 2020/05/28 v3.02 Landscape Pages (DPC)
)
Package pdflscape Info: Auto-detected driver: pdftex on input line 81.
))
(C:/Users/Admin/AppData/Local/Programs/MiKTeX/tex/latex/hyperref/hyperref.sty
Package: hyperref 2026-01-29 v7.01p Hypertext links for LaTeX

(C:/Users/Admin/AppData/Local/Programs/MiKTeX/tex/latex/kvsetkeys/kvsetkeys.sty
Package: kvsetkeys 2022-10-05 v1.19 Key value parser (HO)
)
(C:/Users/Admin/AppData/Local/Programs/MiKTeX/tex/generic/kvdefinekeys/kvdefine
keys.sty
Package: kvdefinekeys 2019-12-19 v1.6 Define keys (HO)
)
(C:/Users/Admin/AppData/Local/Programs/MiKTeX/tex/generic/pdfescape/pdfescape.s
ty
Package: pdfescape 2019/12/09 v1.15 Implements pdfTeX's escape features (HO)

(C:/Users/Admin/AppData/Local/Programs/MiKTeX/tex/generic/ltxcmds/ltxcmds.sty
Package: ltxcmds 2023-12-04 v1.26 LaTeX kernel commands for general use (HO)
)
(C:/Users/Admin/AppData/Local/Programs/MiKTeX/tex/generic/pdftexcmds/pdftexcmds
.sty
Package: pdftexcmds 2020-06-27 v0.33 Utility functions of pdfTeX for LuaTeX (HO
)

(C:/Users/Admin/AppData/Local/Programs/MiKTeX/tex/generic/infwarerr/infwarerr.s
ty
Package: infwarerr 2019/12/03 v1.5 Providing info/warning/error messages (HO)
)
Package pdftexcmds Info: \pdf@primitive is available.
Package pdftexcmds Info: \pdf@ifprimitive is available.
Package pdftexcmds Info: \pdfdraftmode found.
\pdftexcmds@toks=\toks31
))
(C:/Users/Admin/AppData/Local/Programs/MiKTeX/tex/latex/hycolor/hycolor.sty
Package: hycolor 2020-01-27 v1.10 Color options for hyperref/bookmark (HO)
)
(C:/Users/Admin/AppData/Local/Programs/MiKTeX/tex/latex/hyperref/nameref.sty
Package: nameref 2026-01-29 v2.58 Cross-referencing by name of section

(C:/Users/Admin/AppData/Local/Programs/MiKTeX/tex/latex/refcount/refcount.sty
Package: refcount 2019/12/15 v3.6 Data extraction from label references (HO)
)
(C:/Users/Admin/AppData/Local/Programs/MiKTeX/tex/generic/gettitlestring/gettit
lestring.sty
Package: gettitlestring 2019/12/15 v1.6 Cleanup title references (HO)

(C:/Users/Admin/AppData/Local/Programs/MiKTeX/tex/latex/kvoptions/kvoptions.sty
Package: kvoptions 2022-06-15 v3.15 Key value format for package options (HO)
))
\c@section@level=\count321
)
(C:/Users/Admin/AppData/Local/Programs/MiKTeX/tex/generic/stringenc/stringenc.s
ty
Package: stringenc 2019/11/29 v1.12 Convert strings between diff. encodings (HO
)
)
\@linkdim=\dimen277
\Hy@linkcounter=\count322
\Hy@pagecounter=\count323
 (C:/Users/Admin/AppData/Local/Programs/MiKTeX/tex/latex/hyperref/pd1enc.def
File: pd1enc.def 2026-01-29 v7.01p Hyperref: PDFDocEncoding definition (HO)
) (C:/Users/Admin/AppData/Local/Programs/MiKTeX/tex/generic/intcalc/intcalc.sty
Package: intcalc 2019/12/15 v1.3 Expandable calculations with integers (HO)
)
\Hy@SavedSpaceFactor=\count324
 (C:/Users/Admin/AppData/Local/Programs/MiKTeX/tex/latex/hyperref/puenc.def
File: puenc.def 2026-01-29 v7.01p Hyperref: PDF Unicode definition (HO)
)
Package hyperref Info: Option `unicode' set `true' on input line 4072.
Package hyperref Info: Hyper figures OFF on input line 4201.
Package hyperref Info: Link nesting OFF on input line 4206.
Package hyperref Info: Hyper index ON on input line 4209.
Package hyperref Info: Plain pages OFF on input line 4216.
Package hyperref Info: Backreferencing OFF on input line 4221.
Package hyperref Info: Implicit mode ON; LaTeX internals redefined.
Package hyperref Info: Bookmarks ON on input line 4468.
\c@Hy@tempcnt=\count325

(C:/Users/Admin/AppData/Local/Programs/MiKTeX/tex/latex/url/url.sty
\Urlmuskip=\muskip17
Package: url 2013/09/16  ver 3.4  Verb mode for urls, etc.
)
LaTeX Info: Redefining \url on input line 4807.
\XeTeXLinkMargin=\dimen278

(C:/Users/Admin/AppData/Local/Programs/MiKTeX/tex/generic/bitset/bitset.sty
Package: bitset 2019/12/09 v1.3 Handle bit-vector datatype (HO)

(C:/Users/Admin/AppData/Local/Programs/MiKTeX/tex/generic/bigintcalc/bigintcalc
.sty
Package: bigintcalc 2019/12/15 v1.5 Expandable calculations on big integers (HO
)
))
\Fld@menulength=\count326
\Field@Width=\dimen279
\Fld@charsize=\dimen280
Package hyperref Info: Hyper figures OFF on input line 6084.
Package hyperref Info: Link nesting OFF on input line 6089.
Package hyperref Info: Hyper index ON on input line 6092.
Package hyperref Info: backreferencing OFF on input line 6099.
Package hyperref Info: Link coloring OFF on input line 6104.
Package hyperref Info: Link coloring with OCG OFF on input line 6109.
Package hyperref Info: PDF/A mode OFF on input line 6114.
\Hy@abspage=\count327
\c@Item=\count328
\c@Hfootnote=\count329
)
Package hyperref Info: Driver (autodetected): hluatex.

(C:/Users/Admin/AppData/Local/Programs/MiKTeX/tex/latex/hyperref/hluatex.def
File: hluatex.def 2026-01-29 v7.01p Hyperref driver for luaTeX
\Fld@listcount=\count330
\c@bookmark@seq@number=\count331

(C:/Users/Admin/AppData/Local/Programs/MiKTeX/tex/latex/rerunfilecheck/rerunfil
echeck.sty
Package: rerunfilecheck 2025-06-21 v1.11 Rerun checks for auxiliary files (HO)

(C:/Users/Admin/AppData/Local/Programs/MiKTeX/tex/generic/uniquecounter/uniquec
ounter.sty
Package: uniquecounter 2019/12/15 v1.4 Provide unlimited unique counter (HO)
)
Package uniquecounter Info: New unique counter `rerunfilecheck' on input line 2
84.
)
\Hy@SectionHShift=\skip51
)
(C:/Users/Admin/AppData/Local/Programs/MiKTeX/tex/latex/tabularray/tabularray.s
ty
Package: tabularray 2025-11-27 v2025C Typeset tabulars and arrays with LaTeX3

(C:/Users/Admin/AppData/Local/Programs/MiKTeX/tex/latex/ninecolors/ninecolors.s
ty
Package: ninecolors 2022-02-13 v2022D Select colors with proper color contrast
)
\g__tblr_nohyper_int=\count332
\l__tblr_a_int=\count333
\l__tblr_c_int=\count334
\l__tblr_r_int=\count335
\l__tblr_d_dim=\dimen281
\l__tblr_h_dim=\dimen282
\l__tblr_o_dim=\dimen283
\l__tblr_p_dim=\dimen284
\l__tblr_q_dim=\dimen285
\l__tblr_r_dim=\dimen286
\l__tblr_s_dim=\dimen287
\l__tblr_t_dim=\dimen288
\l__tblr_v_dim=\dimen289
\l__tblr_w_dim=\dimen290
\l__tblr_a_box=\box64
\l__tblr_b_box=\box65
\l__tblr_c_box=\box66
\l__tblr_d_box=\box67
\c@tblrcount=\count336
\c@rownum=\count337
\c@colnum=\count338
\c@rowcount=\count339
\c@colcount=\count340
\abovesep=\dimen291
\belowsep=\dimen292
\leftsep=\dimen293
\rightsep=\dimen294
\gTblrLevelInt=\count341
\g__tblr_data_row_key_count_int=\count342
\g__tblr_data_column_key_count_int=\count343
\g__tblr_data_cell_key_count_int=\count344
\g__tblr_array_int=\count345
\l__tblr_key_count_int=\count346
\l__tblr_key_quotient_int=\count347
\l__tblr_key_quotient_two_int=\count348
\l__tblr_key_remainder_int=\count349
\g__tblr_data_str_value_count_int=\count350
\lTblrChildTotalInt=\count351
\lTblrChildHtotalInt=\count352
\lTblrChildVtotalInt=\count353
\l__child_diff_h_int=\count354
\l__child_diff_v_int=\count355
\l__child_sign_h_int=\count356
\l__child_sign_v_int=\count357
\l__child_step_int=\count358
\lTblrDefaultHruleWidthDim=\dimen295
\lTblrDefaultVruleWidthDim=\dimen296
\l__tblr_split_balance_int=\count359
\l__tblr_strut_dp_dim=\dimen297
\l__tblr_strut_ht_dim=\dimen298
\g__tblr_cell_wd_dim=\dimen299
\g__tblr_cell_ht_dim=\dimen300
\g__tblr_cell_head_dim=\dimen301
\g__tblr_cell_foot_dim=\dimen302
\l__tblr_measured_cell_box=\box68
\g__tblr_last_box=\box69
\l__tblr_temp_box=\box70
\l__tblr_column_target_dim=\dimen303
\l__tblr_hfuzz_dim=\dimen304
\l__tblr_caption_box=\box71
\l__tblr_caption_left_box=\box72
\lTblrRowHeadInt=\count360
\lTblrRowFootInt=\count361
\l__tblr_row_head_box=\box73
\l__tblr_row_foot_box=\box74
\l__tblr_row_head_foot_dim=\dimen305
\lTblrTableWidthDim=\dimen306
\l__tblr_table_firsthead_box=\box75
\l__tblr_table_middlehead_box=\box76
\l__tblr_table_lasthead_box=\box77
\l__tblr_table_firstfoot_box=\box78
\l__tblr_table_middlefoot_box=\box79
\l__tblr_table_lastfoot_box=\box80
\l__tblr_remain_height_dim=\dimen307
\l__tblr_next_rows_dim=\dimen308
\l__tblr_page_overfill_dim=\dimen309
\l__tblr_long_from_int=\count362
\l__tblr_long_to_int=\count363
\l__tblr_curr_i_int=\count364
\l__tblr_prev_i_int=\count365
\lTblrTablePageInt=\count366
\l__tblr_table_head_box=\box81
\l__tblr_table_foot_box=\box82
\l__tblr_table_head_foot_dim=\dimen310
\l__tblr_table_head_body_foot_dim=\dimen311
\l__tblr_table_box=\box83
\lTblrRowFirstInt=\count367
\lTblrRowLastInt=\count368
\l__tblr_cover_box_a_dim=\dimen312
\l__tblr_cover_box_b_dim=\dimen313
\l__tblr_table_hlines_box=\box84
\l__tblr_hline_box=\box85
\l__tblr_row_box=\box86
\l__tblr_col_o_wd_dim=\dimen314
\l__tblr_col_b_wd_dim=\dimen315
\l__tblr_hline_leftskip_dim=\dimen316
\l__tblr_hline_rightskip_dim=\dimen317
\l__tblr_row_ht_dim=\dimen318
\l__tblr_row_dp_dim=\dimen319
\l__tblr_row_abovesep_dim=\dimen320
\l__tblr_row_belowsep_dim=\dimen321
\l__tblr_row_vlines_box=\box87
\l__tblr_vline_box=\box88
\l__tblr_cell_box=\box89
\l__tblr_row_upper_dim=\dimen322
\l__tblr_row_lower_dim=\dimen323
\l__tblr_row_vpace_dim=\dimen324
\l__tblr_vline_aboveskip_dim=\dimen325
\l__tblr_vline_belowskip_dim=\dimen326
\lTblrCellRowSpanInt=\count369
\lTblrCellColSpanInt=\count370
\l__tblr_cell_wd_dim=\dimen327
\l__tblr_cell_ht_dim=\dimen328
\lTblrCellAboveBorderWidthDim=\dimen329
\lTblrCellBelowBorderWidthDim=\dimen330
\lTblrCellLeftBorderWidthDim=\dimen331
\lTblrCellRightBorderWidthDim=\dimen332
\l__tblr_diag_box=\box90
\l__tblr_cell_inner_wd_dim=\dimen333
\l__tblr_cell_inner_dp_dim=\dimen334
\l__tblr_cell_hanchor_dim=\dimen335
\l__tblr_last_cell_table_ht_dim=\dimen336
\l__tblr_last_cell_table_dp_dim=\dimen337
\l__tblr_last_vline_wd_dim=\dimen338
\l__tblr_tikz_node_box=\box91
)
(C:/Users/Admin/AppData/Local/Programs/MiKTeX/tex/latex/apacite/apacite.sty
Package: apacite 2013/07/21 v6.03 APA citation
\c@BibCnt=\count371
\bibleftmargin=\skip52
\bibindent=\skip53
\bibparsep=\skip54
\bibitemsep=\skip55
\biblabelsep=\skip56
)
(C:/Users/Admin/AppData/Local/Programs/MiKTeX/tex/latex/enumitem/enumitem.sty
Package: enumitem 2025/02/06 v3.11 Customized lists
\labelindent=\skip57
\enit@outerparindent=\dimen339
\enit@toks=\toks32
\enit@inbox=\box92
\enit@count@id=\count372
\enitdp@description=\count373
)
(C:/Users/Admin/AppData/Local/Programs/MiKTeX/tex/latex/amsmath/amsmath.sty
Package: amsmath 2025/07/09 v2.17z AMS math features
\@mathmargin=\skip58

For additional information on amsmath, use the `?' option.
(C:/Users/Admin/AppData/Local/Programs/MiKTeX/tex/latex/amsmath/amstext.sty
Package: amstext 2024/11/17 v2.01 AMS text

(C:/Users/Admin/AppData/Local/Programs/MiKTeX/tex/latex/amsmath/amsgen.sty
File: amsgen.sty 1999/11/30 v2.0 generic functions
\@emptytoks=\toks33
\ex@=\dimen340
))
(C:/Users/Admin/AppData/Local/Programs/MiKTeX/tex/latex/amsmath/amsbsy.sty
Package: amsbsy 1999/11/29 v1.2d Bold Symbols
\pmbraise@=\dimen341
)
(C:/Users/Admin/AppData/Local/Programs/MiKTeX/tex/latex/amsmath/amsopn.sty
Package: amsopn 2022/04/08 v2.04 operator names
)
\inf@bad=\count374
LaTeX Info: Redefining \frac on input line 235.
\uproot@=\count375
\leftroot@=\count376
LaTeX Info: Redefining \overline on input line 398.
LaTeX Info: Redefining \colon on input line 409.
\classnum@=\count377
\DOTSCASE@=\count378
LaTeX Info: Redefining \ldots on input line 495.
LaTeX Info: Redefining \dots on input line 498.
LaTeX Info: Redefining \cdots on input line 619.
\Mathstrutbox@=\box93
\strutbox@=\box94
LaTeX Info: Redefining \big on input line 721.
LaTeX Info: Redefining \Big on input line 722.
LaTeX Info: Redefining \bigg on input line 723.
LaTeX Info: Redefining \Bigg on input line 724.
\big@size=\dimen342
LaTeX Font Info:    Redeclaring font encoding OML on input line 742.
LaTeX Font Info:    Redeclaring font encoding OMS on input line 743.
\macc@depth=\count379
LaTeX Info: Redefining \bmod on input line 904.
LaTeX Info: Redefining \pmod on input line 909.
LaTeX Info: Redefining \smash on input line 939.
LaTeX Info: Redefining \relbar on input line 969.
LaTeX Info: Redefining \Relbar on input line 970.
\c@MaxMatrixCols=\count380
\dotsspace@=\muskip18
\c@parentequation=\count381
\dspbrk@lvl=\count382
\tag@help=\toks34
\row@=\count383
\column@=\count384
\maxfields@=\count385
\andhelp@=\toks35
\eqnshift@=\dimen343
\alignsep@=\dimen344
\tagshift@=\dimen345
\tagwidth@=\dimen346
\totwidth@=\dimen347
\lineht@=\dimen348
\@envbody=\toks36
\multlinegap=\skip59
\multlinetaggap=\skip60
\mathdisplay@stack=\toks37
LaTeX Info: Redefining \[ on input line 2950.
LaTeX Info: Redefining \] on input line 2951.
)
(C:/Users/Admin/AppData/Local/Programs/MiKTeX/tex/latex/amsfonts/amsfonts.sty
Package: amsfonts 2013/01/14 v3.01 Basic AMSFonts support
\symAMSa=\mathgroup4
\symAMSb=\mathgroup5
LaTeX Font Info:    Redeclaring math symbol \hbar on input line 98.
LaTeX Font Info:    Overwriting math alphabet `\mathfrak' in version `bold'
(Font)                  U/euf/m/n --> U/euf/b/n on input line 106.
)
(C:/Users/Admin/AppData/Local/Programs/MiKTeX/tex/latex/amsfonts/amssymb.sty
Package: amssymb 2013/01/14 v3.01 AMS font symbols
)
(C:/Users/Admin/AppData/Local/Programs/MiKTeX/tex/latex/algorithm2e/algorithm2e
.sty
Package: algorithm2e 2017/07/18 v5.2 algorithms environments
\c@AlgoLine=\count386
 (C:/Users/Admin/AppData/Local/Programs/MiKTeX/tex/latex/base/ifthen.sty
Package: ifthen 2024/03/16 v1.1e Standard LaTeX ifthen package (DPC)
)
\algocf@hangindent=\skip61

(C:/Users/Admin/AppData/Local/Programs/MiKTeX/tex/latex/ifoddpage/ifoddpage.sty
Package: ifoddpage 2022/10/18 v1.2 Conditionals for odd/even page detection
\c@checkoddpage=\count387
) (C:/Users/Admin/AppData/Local/Programs/MiKTeX/tex/latex/tools/xspace.sty
Package: xspace 2014/10/28 v1.13 Space after command names (DPC,MH)
)
(C:/Users/Admin/AppData/Local/Programs/MiKTeX/tex/latex/relsize/relsize.sty
Package: relsize 2013/03/29 ver 4.1
)
\skiptotal=\skip62
\skiplinenumber=\skip63
\skiprule=\skip64
\skiphlne=\skip65
\skiptext=\skip66
\skiplength=\skip67
\algomargin=\skip68
\skipalgocfslide=\skip69
\algowidth=\dimen349
\inoutsize=\dimen350
\inoutindent=\dimen351
\interspacetitleruled=\dimen352
\interspacealgoruled=\dimen353
\interspacetitleboxruled=\dimen354
\algocf@ruledwidth=\skip70
\algocf@inoutbox=\box95
\algocf@inputbox=\box96
\AlCapSkip=\skip71
\AlCapHSkip=\skip72
\algoskipindent=\skip73
\algocf@nlbox=\box97
\algocf@hangingbox=\box98
\algocf@untilbox=\box99
\algocf@skipuntil=\skip74
\algocf@capbox=\box100
\algocf@lcaptionbox=\skip75
\algoheightruledefault=\skip76
\algoheightrule=\skip77
\algotitleheightruledefault=\skip78
\algotitleheightrule=\skip79
\c@algocfline=\count388
\c@algocfproc=\count389
\c@algocf=\count390
\algocf@algoframe=\box101
\algocf@algobox=\box102
)
(C:/Users/Admin/AppData/Local/Programs/MiKTeX/tex/latex/varwidth/varwidth.sty
Package: varwidth 2009/03/30 ver 0.92;  Variable-width minipages
\@vwid@box=\box103
\sift@deathcycles=\count391
\@vwid@loff=\dimen355
\@vwid@roff=\dimen356
)
==> First Aid for varwidth.sty applied!
(C:/Users/Admin/AppData/Local/Programs/MiKTeX/tex/latex/diagbox/diagbox.sty
Package: diagbox 2020/02/09 v2.3 Making table heads with diagonal lines

(C:/Users/Admin/AppData/Local/Programs/MiKTeX/tex/latex/pict2e/pict2e.sty
Package: pict2e 2020/09/30 v0.4b Improved picture commands (HjG,RN,JT)

(C:/Users/Admin/AppData/Local/Programs/MiKTeX/tex/latex/pict2e/pict2e.cfg
File: pict2e.cfg 2016/02/05 v0.1u pict2e configuration for teTeX/TeXLive
)
Package pict2e Info: Driver file: luatex.def on input line 112.
Package pict2e Info: Driver file for pict2e: p2e-luatex.def on input line 114.

(C:/Users/Admin/AppData/Local/Programs/MiKTeX/tex/latex/pict2e/p2e-luatex.def
File: p2e-luatex.def 2016/02/05 v0.1u Driver-dependant file (RN,HjG,JT)
)
\pIIe@GRAPH=\toks38
\@arclen=\dimen357
\@arcrad=\dimen358
\pIIe@tempdima=\dimen359
\pIIe@tempdimb=\dimen360
\pIIe@tempdimc=\dimen361
\pIIe@tempdimd=\dimen362
\pIIe@tempdime=\dimen363
\pIIe@tempdimf=\dimen364
) (C:/Users/Admin/AppData/Local/Programs/MiKTeX/tex/latex/tools/calc.sty
Package: calc 2025/03/01 v4.3b Infix arithmetic (KKT,FJ)
\calc@Acount=\count392
\calc@Bcount=\count393
\calc@Adimen=\dimen365
\calc@Bdimen=\dimen366
\calc@Askip=\skip80
\calc@Bskip=\skip81
LaTeX Info: Redefining \setlength on input line 86.
LaTeX Info: Redefining \addtolength on input line 87.
\calc@Ccount=\count394
\calc@Cskip=\skip82
)
(C:/Users/Admin/AppData/Local/Programs/MiKTeX/tex/latex/tools/array.sty
Package: array 2025/09/25 v2.6n Tabular extension package (FMi)
\col@sep=\dimen367
\ar@mcellbox=\box104
\extrarowheight=\dimen368
\NC@list=\toks39
\extratabsurround=\skip83
\backup@length=\skip84
\ar@cellbox=\box105
)
\diagbox@boxa=\box106
\diagbox@boxb=\box107
\diagbox@boxm=\box108
\diagbox@wd=\dimen369
\diagbox@ht=\dimen370
\diagbox@insepl=\dimen371
\diagbox@insepr=\dimen372
\diagbox@outsepl=\dimen373
\diagbox@outsepr=\dimen374
)
LaTeX Info: Redefining \_ on input line 58.
)
(./report.aux)
\openout1 = report.aux

LaTeX Font Info:    Checking defaults for OML/cmm/m/it on input line 4.
LaTeX Font Info:    ... okay on input line 4.
LaTeX Font Info:    Checking defaults for OMS/cmsy/m/n on input line 4.
LaTeX Font Info:    ... okay on input line 4.
LaTeX Font Info:    Checking defaults for OT1/cmr/m/n on input line 4.
LaTeX Font Info:    ... okay on input line 4.
LaTeX Font Info:    Checking defaults for T1/cmr/m/n on input line 4.
LaTeX Font Info:    ... okay on input line 4.
LaTeX Font Info:    Checking defaults for TS1/cmr/m/n on input line 4.
LaTeX Font Info:    ... okay on input line 4.
LaTeX Font Info:    Checking defaults for TU/lmr/m/n on input line 4.
LaTeX Font Info:    ... okay on input line 4.
LaTeX Font Info:    Checking defaults for OMX/cmex/m/n on input line 4.
LaTeX Font Info:    ... okay on input line 4.
LaTeX Font Info:    Checking defaults for U/cmr/m/n on input line 4.
LaTeX Font Info:    ... okay on input line 4.
LaTeX Font Info:    Checking defaults for PD1/pdf/m/n on input line 4.
LaTeX Font Info:    ... okay on input line 4.
LaTeX Font Info:    Checking defaults for PU/pdf/m/n on input line 4.
LaTeX Font Info:    ... okay on input line 4.

(C:/Users/Admin/AppData/Local/Programs/MiKTeX/tex/context/base/mkii/supp-pdf.mk
ii
[Loading MPS to PDF converter (version 2006.09.02).]
\scratchcounter=\count395
\scratchdimen=\dimen375
\scratchbox=\box109
\nofMPsegments=\count396
\nofMParguments=\count397
\everyMPshowfont=\toks40
\MPscratchCnt=\count398
\MPscratchDim=\dimen376
\MPnumerator=\count399
\makeMPintoPDFobject=\count400
\everyMPtoPDFconversion=\toks41
)
(C:/Users/Admin/AppData/Local/Programs/MiKTeX/tex/latex/epstopdf-pkg/epstopdf-b
ase.sty
Package: epstopdf-base 2020-01-24 v2.11 Base part for package epstopdf
Package epstopdf-base Info: Redefining graphics rule for `.eps' on input line 4
85.

(C:/Users/Admin/AppData/Local/Programs/MiKTeX/tex/latex/00miktex/epstopdf-sys.c
fg
File: epstopdf-sys.cfg 2021/03/18 v2.0 Configuration of epstopdf for MiKTeX
))
*geometry* driver: auto-detecting
*geometry* detected driver: luatex
*geometry* verbose mode - [ preamble ] result:
* driver: luatex
* paper: a4paper
* layout: <same size as paper>
* layoutoffset:(h,v)=(0.0pt,0.0pt)
* modes: 
* h-part:(L,W,R)=(72.26999pt, 452.9679pt, 72.26999pt)
* v-part:(T,H,B)=(72.26999pt, 700.50687pt, 72.26999pt)
* \paperwidth=597.50787pt
* \paperheight=845.04684pt
* \textwidth=452.9679pt
* \textheight=700.50687pt
* \oddsidemargin=0.0pt
* \evensidemargin=0.0pt
* \topmargin=-37.0pt
* \headheight=12.0pt
* \headsep=25.0pt
* \topskip=12.0pt
* \footskip=30.0pt
* \marginparwidth=35.0pt
* \marginparsep=10.0pt
* \columnsep=10.0pt
* \skip\footins=10.8pt plus 4.0pt minus 2.0pt
* \hoffset=0.0pt
* \voffset=0.0pt
* \mag=1000
* \@twocolumnfalse
* \@twosidefalse
* \@mparswitchfalse
* \@reversemarginfalse
* (1in=72.27pt=25.4mm, 1cm=28.453pt)


Package fontspec Info: 
(fontspec)             Adjusting the maths setup (use [no-math] to avoid
(fontspec)             this).

\symlegacymaths=\mathgroup6
LaTeX Font Info:    Overwriting symbol font `legacymaths' in version `bold'
(Font)                  OT1/cmr/m/n --> OT1/cmr/bx/n on input line 4.
LaTeX Font Info:    Redeclaring math accent \acute on input line 4.
LaTeX Font Info:    Redeclaring math accent \grave on input line 4.
LaTeX Font Info:    Redeclaring math accent \ddot on input line 4.
LaTeX Font Info:    Redeclaring math accent \tilde on input line 4.
LaTeX Font Info:    Redeclaring math accent \bar on input line 4.
LaTeX Font Info:    Redeclaring math accent \breve on input line 4.
LaTeX Font Info:    Redeclaring math accent \check on input line 4.
LaTeX Font Info:    Redeclaring math accent \hat on input line 4.
LaTeX Font Info:    Redeclaring math accent \dot on input line 4.
LaTeX Font Info:    Redeclaring math accent \mathring on input line 4.
LaTeX Font Info:    Redeclaring math symbol \Gamma on input line 4.
LaTeX Font Info:    Redeclaring math symbol \Delta on input line 4.
LaTeX Font Info:    Redeclaring math symbol \Theta on input line 4.
LaTeX Font Info:    Redeclaring math symbol \Lambda on input line 4.
LaTeX Font Info:    Redeclaring math symbol \Xi on input line 4.
LaTeX Font Info:    Redeclaring math symbol \Pi on input line 4.
LaTeX Font Info:    Redeclaring math symbol \Sigma on input line 4.
LaTeX Font Info:    Redeclaring math symbol \Upsilon on input line 4.
LaTeX Font Info:    Redeclaring math symbol \Phi on input line 4.
LaTeX Font Info:    Redeclaring math symbol \Psi on input line 4.
LaTeX Font Info:    Redeclaring math symbol \Omega on input line 4.
LaTeX Font Info:    Redeclaring math symbol \mathdollar on input line 4.
LaTeX Font Info:    Redeclaring symbol font `operators' on input line 4.
LaTeX Font Info:    Encoding `OT1' has changed to `TU' for symbol font
(Font)              `operators' in the math version `normal' on input line 4.
LaTeX Font Info:    Overwriting symbol font `operators' in version `normal'
(Font)                  OT1/cmr/m/n --> TU/lmr/m/n on input line 4.
LaTeX Font Info:    Encoding `OT1' has changed to `TU' for symbol font
(Font)              `operators' in the math version `bold' on input line 4.
LaTeX Font Info:    Overwriting symbol font `operators' in version `bold'
(Font)                  OT1/cmr/bx/n --> TU/lmr/m/n on input line 4.
LaTeX Font Info:    Overwriting symbol font `operators' in version `normal'
(Font)                  TU/lmr/m/n --> TU/lmr/m/n on input line 4.
LaTeX Font Info:    Overwriting math alphabet `\mathit' in version `normal'
(Font)                  OT1/cmr/m/it --> TU/lmr/m/it on input line 4.
LaTeX Font Info:    Overwriting math alphabet `\mathbf' in version `normal'
(Font)                  OT1/cmr/bx/n --> TU/lmr/b/n on input line 4.
LaTeX Font Info:    Overwriting math alphabet `\mathsf' in version `normal'
(Font)                  OT1/cmss/m/n --> TU/lmss/m/n on input line 4.
LaTeX Font Info:    Overwriting math alphabet `\mathtt' in version `normal'
(Font)                  OT1/cmtt/m/n --> TU/lmtt/m/n on input line 4.
LaTeX Font Info:    Overwriting symbol font `operators' in version `bold'
(Font)                  TU/lmr/m/n --> TU/lmr/b/n on input line 4.
LaTeX Font Info:    Overwriting math alphabet `\mathit' in version `bold'
(Font)                  OT1/cmr/bx/it --> TU/lmr/b/it on input line 4.
LaTeX Font Info:    Overwriting math alphabet `\mathsf' in version `bold'
(Font)                  OT1/cmss/bx/n --> TU/lmss/b/n on input line 4.
LaTeX Font Info:    Overwriting math alphabet `\mathtt' in version `bold'
(Font)                  OT1/cmtt/m/n --> TU/lmtt/b/n on input line 4.
Package caption Info: Begin \AtBeginDocument code.
Package caption Info: hyperref package is loaded.
Package caption Info: End \AtBeginDocument code.
Package hyperref Info: Link coloring OFF on input line 4.
(./report.out) (./report.out)
\@outlinefile=\write4

\openout4 = report.out
\c@maskedRefs=\count401

(C:/Users/Admin/AppData/Local/Programs/MiKTeX/tex/latex/apacite/english.apc
File: english.apc 2013/07/21 v6.03 apacite language file
LaTeX Info: Redefining \BPBI on input line 129.
LaTeX Info: Redefining \BHBI on input line 130.
)
(./title.tex
<resources/images/logo-khtn.png, id=274, 363.9999pt x 285.9483pt>
File: resources/images/logo-khtn.png Graphic file (type png)
<use resources/images/logo-khtn.png>
Package luatex.def Info: resources/images/logo-khtn.png  used on input line 8.
(luatex.def)             Requested size: 181.18439pt x 142.33676pt.
LaTeX Font Info:    Trying to load font information for U+msa on input line 22.


(C:/Users/Admin/AppData/Local/Programs/MiKTeX/tex/latex/amsfonts/umsa.fd
File: umsa.fd 2013/01/14 v3.01 AMS symbols A
)
LaTeX Font Info:    Trying to load font information for U+msb on input line 22.


(C:/Users/Admin/AppData/Local/Programs/MiKTeX/tex/latex/amsfonts/umsb.fd
File: umsb.fd 2013/01/14 v3.01 AMS symbols B
)
[1

{C:/Users/Admin/AppData/Local/MiKTeX/fonts/map/pdftex/pdftex.map}<./resources/im
ages/logo-khtn.png>]) (./report.toc
warning  (pdf backend): ignoring duplicate destination with the name 'page.1'
[1

])
\tf@toc=\write5

\openout5 = report.toc
 [2] (./report.lof [3

])
\tf@lof=\write6

\openout6 = report.lof
 [4] (./report.lot [5

])
\tf@lot=\write7

\openout7 = report.lot
 [6] (./regression/main.tex
(./regression/data/main.tex (./regression/data/intro.tex

LaTeX Warning: Citation `geron2019hands' undefined on input line 28.

) (./regression/data/desc.tex (./resources/tables/cali-housing-vars-meaning.tex
)) (./regression/data/eda.tex (./resources/tables/cali-housing-desc-part1.tex)
(./resources/tables/cali-housing-desc-part2.tex) [7

] [8]
<resources/images/cali-housing-target-distribution.png, id=632, 867.24pt x 578.
16pt>
File: resources/images/cali-housing-target-distribution.png Graphic file (type 
png)
<use resources/images/cali-housing-target-distribution.png>
Package luatex.def Info: resources/images/cali-housing-target-distribution.png 
 used on input line 77.
(luatex.def)             Requested size: 407.66833pt x 271.77934pt.
<resources/images/cali-housing-target-vs-features.png, id=634, 867.24pt x 578.1
6pt>
File: resources/images/cali-housing-target-vs-features.png Graphic file (type p
ng)
<use resources/images/cali-housing-target-vs-features.png>
Package luatex.def Info: resources/images/cali-housing-target-vs-features.png  
used on input line 93.
(luatex.def)             Requested size: 407.66833pt x 271.77934pt.
<resources/images/cali-housing-correlation-matrix.png, id=636, 867.24pt x 578.1
6pt>
File: resources/images/cali-housing-correlation-matrix.png Graphic file (type p
ng)
<use resources/images/cali-housing-correlation-matrix.png>
Package luatex.def Info: resources/images/cali-housing-correlation-matrix.png  
used on input line 110.
(luatex.def)             Requested size: 407.66833pt x 271.77934pt.
 [9] [10<./resources/images/cali-housing-target-distribution.png><./resources/im
ages/cali-housing-target-vs-features.png>]
<resources/images/cali-housing-features-outliers.png, id=652, 867.24pt x 578.16
pt>
File: resources/images/cali-housing-features-outliers.png Graphic file (type pn
g)
<use resources/images/cali-housing-features-outliers.png>
Package luatex.def Info: resources/images/cali-housing-features-outliers.png  u
sed on input line 127.
(luatex.def)             Requested size: 407.66833pt x 271.77934pt.
) (./regression/data/preprocessing.tex))
(./regression/model/main.tex (./regression/model/linear_regression/main.tex
(./regression/model/linear_regression/ordinary-least-squares.tex [11<./resources
/images/cali-housing-correlation-matrix.png>] [12<./resources/images/cali-housin
g-features-outliers.png>] [13])
(./regression/model/linear_regression/weighted-least-squares.tex [14])
(./regression/model/linear_regression/gauss-markov-test.tex
<resources/images/ols-residual-plot.png, id=719, 867.24pt x 578.16pt>
File: resources/images/ols-residual-plot.png Graphic file (type png)
<use resources/images/ols-residual-plot.png>
Package luatex.def Info: resources/images/ols-residual-plot.png  used on input 
line 17.
(luatex.def)             Requested size: 407.66833pt x 271.77934pt.
 [15]
<resources/images/ols-qq-plot.png, id=734, 867.24pt x 578.16pt>
File: resources/images/ols-qq-plot.png Graphic file (type png)
<use resources/images/ols-qq-plot.png>
Package luatex.def Info: resources/images/ols-qq-plot.png  used on input line 3
9.
(luatex.def)             Requested size: 407.66833pt x 271.77934pt.
 [16<./resources/images/ols-residual-plot.png>]
(./resources/tables/breusch-pagan-test-result.tex)))
(./regression/model/regularization/main.tex
(./regression/model/regularization/idea.tex)
(./regression/model/regularization/ridge.tex [17<./resources/images/ols-qq-plot.
png>]) (./regression/model/regularization/lasso.tex
Overfull \hbox (1.74994pt too wide) in paragraph at lines 4--6
 []\TU/lmr/bx/n/12 Hạng tử điều chỉnh[] \TU/lmr/m/n/12 Khác với Ridg
e Regression sử dụng chuẩn $\OML/cmm/m/it/12 L[]$\TU/lmr/m/n/12 , Lasso Re
gression
 []

[18]) (./regression/model/regularization/elastic_net.tex [19])
(./regression/model/regularization/lambda_selection.tex [20])
(./regression/model/regularization/features_selection.tex [21])
(./regression/model/regularization/experiments.tex [22]
<resources/images/ridge-regularization-path.png, id=839, 867.24pt x 578.16pt>
File: resources/images/ridge-regularization-path.png Graphic file (type png)
<use resources/images/ridge-regularization-path.png>
Package luatex.def Info: resources/images/ridge-regularization-path.png  used o
n input line 38.
(luatex.def)             Requested size: 407.66833pt x 271.77934pt.
<resources/images/lasso-regularization-path.png, id=840, 867.24pt x 578.16pt>
File: resources/images/lasso-regularization-path.png Graphic file (type png)
<use resources/images/lasso-regularization-path.png>
Package luatex.def Info: resources/images/lasso-regularization-path.png  used o
n input line 45.
(luatex.def)             Requested size: 407.66833pt x 271.77934pt.
<resources/images/elastic-net-optimal-region.png, id=842, 867.24pt x 578.16pt>
File: resources/images/elastic-net-optimal-region.png Graphic file (type png)
<use resources/images/elastic-net-optimal-region.png>
Package luatex.def Info: resources/images/elastic-net-optimal-region.png  used 
on input line 61.
(luatex.def)             Requested size: 407.66833pt x 271.77934pt.
 [23<./resources/images/ridge-regularization-path.png>] [24<./resources/images/l
asso-regularization-path.png><./resources/images/elastic-net-optimal-region.png>
]))
(./regression/model/nonlinear_basis/main.tex
(./regression/model/nonlinear_basis/./theory.tex)
(./regression/model/nonlinear_basis/./models.tex [25])
(./regression/model/nonlinear_basis/./interaction.tex)
(./regression/model/nonlinear_basis/./validation_curve.tex [26]
<resources/images/poly_validation_curve.png, id=884, 859.2903pt x 570.933pt>
File: resources/images/poly_validation_curve.png Graphic file (type png)
<use resources/images/poly_validation_curve.png>
Package luatex.def Info: resources/images/poly_validation_curve.png  used on in
put line 33.
(luatex.def)             Requested size: 339.72592pt x 225.72078pt.
 [27<./resources/images/poly_validation_curve.png>]
Overfull \hbox (10.04561pt too wide) in paragraph at lines 64--66
[]\TU/lmr/m/n/12 Ngoài ra, Polynomial basis còn chịu ảnh hưởng mạnh 
bởi hiện tượng Runge phenomenon,
 []

<resources/images/rbf_validation_curve.png, id=895, 859.2903pt x 570.933pt>
File: resources/images/rbf_validation_curve.png Graphic file (type png)
<use resources/images/rbf_validation_curve.png>
Package luatex.def Info: resources/images/rbf_validation_curve.png  used on inp
ut line 79.
(luatex.def)             Requested size: 339.72592pt x 225.72078pt.
[28<./resources/images/rbf_validation_curve.png>]
<resources/images/fourier_validation_curve.png, id=904, 859.2903pt x 570.933pt>

File: resources/images/fourier_validation_curve.png Graphic file (type png)
<use resources/images/fourier_validation_curve.png>
Package luatex.def Info: resources/images/fourier_validation_curve.png  used on
 input line 123.
(luatex.def)             Requested size: 339.72592pt x 225.72078pt.
 [29<./resources/images/fourier_validation_curve.png>])
(./regression/model/nonlinear_basis/./ablation_study.tex
<resources/images/ablation_study.png, id=913, 1004.553pt x 426.393pt>
File: resources/images/ablation_study.png Graphic file (type png)
<use resources/images/ablation_study.png>
Package luatex.def Info: resources/images/ablation_study.png  used on input lin
e 18.
(luatex.def)             Requested size: 430.31812pt x 182.65575pt.
 [30] [31<./resources/images/ablation_study.png>] [32]
Overfull \hbox (14.76141pt too wide) in paragraph at lines 175--178
[]\TU/lmr/m/n/12 Tổng thể, kết quả nhấn mạnh vai trò của \TU/lmr
/m/it/12 feature importance under structural perturbation\TU/lmr/m/n/12 ,
 []

[33]))) (./regression/evaluation/main.tex
(./regression/evaluation/regression-models-test.tex
(./resources/tables/regression-models-test.tex) [34]
(./regression/evaluation/linear-regression-test.tex)
(./regression/evaluation/regularization-test.tex)
(./regression/evaluation/nonlinear-basis-test.tex))
(./regression/evaluation/regression-models-cv.tex [35]
(./resources/tables/regression-models-cv-part1.tex)
(./resources/tables/regression-models-cv-part2.tex)
(./regression/evaluation/linear-regression-cv.tex) [36]
(./regression/evaluation/regularization-cv.tex)
(./regression/evaluation/nonlinear-basis-cv.tex))
(./regression/evaluation/regression-stat-tests.tex
(./resources/tables/regression-stat-tests-mse.tex [37])
(./resources/tables/regression-stat-tests-mae.tex [38]) [39])
(./regression/evaluation/regression-plots.tex
<resources/images/regression-learning-curves.png, id=982, 1084.05pt x 867.24pt>

File: resources/images/regression-learning-curves.png Graphic file (type png)
<use resources/images/regression-learning-curves.png>
Package luatex.def Info: resources/images/regression-learning-curves.png  used 
on input line 10.
(luatex.def)             Requested size: 407.66833pt x 326.12729pt.
<resources/images/regression-residuals.png, id=984, 1084.05pt x 867.24pt>
File: resources/images/regression-residuals.png Graphic file (type png)
<use resources/images/regression-residuals.png>
Package luatex.def Info: resources/images/regression-residuals.png  used on inp
ut line 27.
(luatex.def)             Requested size: 407.66833pt x 326.12729pt.
<resources/images/regression-predicted-actual.png, id=986, 1084.05pt x 867.24pt
>
File: resources/images/regression-predicted-actual.png Graphic file (type png)
<use resources/images/regression-predicted-actual.png>
Package luatex.def Info: resources/images/regression-predicted-actual.png  used
 on input line 48.
(luatex.def)             Requested size: 407.66833pt x 326.12729pt.
 [40] [41<./resources/images/regression-learning-curves.png>] [42<./resources/im
ages/regression-residuals.png><./resources/images/regression-predicted-actual.pn
g>]))
(./regression/advanced/main.tex
(./regression/advanced/gaussian-process-regression/main.tex [43])
(./regression/advanced/kernel-ridge-regression/main.tex
(./resources/tables/kernel-ridge-cross-validation-1.tex)
(./resources/tables/kernel-ridge-cross-validation-2.tex) [44]
(./resources/tables/kernel-ridge-test-result.tex)
(./resources/tables/kernel-ridge-statistical-test.tex) [45])
(./regression/advanced/bias-variance-analysis/main.tex [46]
(./resources/tables/bias-variance.tex)
<resources/images/bias-variance-ridge.png, id=1074, 867.24pt x 578.16pt>
File: resources/images/bias-variance-ridge.png Graphic file (type png)
<use resources/images/bias-variance-ridge.png>
Package luatex.def Info: resources/images/bias-variance-ridge.png  used on inpu
t line 134.
(luatex.def)             Requested size: 407.66833pt x 271.77934pt.
 [47]
<resources/images/bias-variance-lasso.png, id=1087, 867.24pt x 578.16pt>
File: resources/images/bias-variance-lasso.png Graphic file (type png)
<use resources/images/bias-variance-lasso.png>
Package luatex.def Info: resources/images/bias-variance-lasso.png  used on inpu
t line 153.
(luatex.def)             Requested size: 407.66833pt x 271.77934pt.
)
(./regression/advanced/bayesian-regression/main.tex [48<./resources/images/bias-
variance-ridge.png>] [49<./resources/images/bias-variance-lasso.png>] [50]
<resources/images/bayesian_regression_result.png, id=1118, 489.9906pt x 339.669
pt>
File: resources/images/bayesian_regression_result.png Graphic file (type png)
<use resources/images/bayesian_regression_result.png>
Package luatex.def Info: resources/images/bayesian_regression_result.png  used 
on input line 101.
(luatex.def)             Requested size: 385.02547pt x 266.91544pt.

[51<./resources/images/bayesian_regression_result.png>])
(./regression/advanced/evidence-maximization/main.tex)
(./regression/advanced/robust-regression/main.tex [52]
(./resources/tables/regression-irls-outliers-sensitivity-part1.tex)
(./resources/tables/regression-irls-outliers-sensitivity-part2.tex))))
(./classification/main.tex (./classification/data/main.tex
(./classification/data/intro.tex

LaTeX Warning: Citation `covertype_31' undefined on input line 5.

[53]) (./classification/data/desc.tex
(./resources/tables/covtype-vars-meaning.tex
\g__cctab_tmpvii_cctab=\catcodetable14

Underfull \hbox (badness 10000) in paragraph at lines 29--29
[]\TU/lmr/m/n/12 Hor-i-zon-tal_Distance_
 []


Underfull \hbox (badness 10000) in paragraph at lines 29--29
[]\TU/lmr/m/n/12 Ver-ti-cal_Distance_
 []


Underfull \hbox (badness 10000) in paragraph at lines 29--29
[]\TU/lmr/m/n/12 Hor-i-zon-tal_Distance_
 []


Underfull \hbox (badness 10000) in paragraph at lines 29--29
[]\TU/lmr/m/n/12 Hor-i-zon-tal_Distance_
 []


Underfull \hbox (badness 10000) in paragraph at lines 29--29
[]\TU/lmr/m/n/12 Hor-i-zon-tal_Distance_
 []


Underfull \hbox (badness 10000) in paragraph at lines 29--29
[]\TU/lmr/m/n/12 Ver-ti-cal_Distance_
 []


Underfull \hbox (badness 10000) in paragraph at lines 29--29
[]\TU/lmr/m/n/12 Hor-i-zon-tal_Distance_
 []


Underfull \hbox (badness 10000) in paragraph at lines 29--29
[]\TU/lmr/m/n/12 Hor-i-zon-tal_Distance_
 []

)) (./classification/data/eda.tex (./resources/tables/covtype-desc-part1.tex)
(./resources/tables/covtype-desc-part2.tex)
(./resources/tables/covtype-desc-part3.tex
Underfull \hbox (badness 10000) in paragraph at lines 18--18
[]\TU/lmr/bx/n/12 Hor-i-zon-tal_Distance_
 []


Underfull \hbox (badness 10000) in paragraph at lines 18--18
[]\TU/lmr/bx/n/12 Ver-ti-cal_Distance_To_
 []


Underfull \hbox (badness 10000) in paragraph at lines 18--18
[]\TU/lmr/bx/n/12 Hor-i-zon-tal_Distance_
 []


Underfull \hbox (badness 10000) in paragraph at lines 18--18
[]\TU/lmr/bx/n/12 Ver-ti-cal_Distance_To_
 []

) (./resources/tables/covtype-desc-part4.tex
Underfull \hbox (badness 10000) in paragraph at lines 18--18
[]\TU/lmr/bx/n/12 Hor-i-zon-tal_Distance_
 []


Underfull \hbox (badness 10000) in paragraph at lines 18--18
[]\TU/lmr/bx/n/12 Hor-i-zon-tal_Distance_
 []


Underfull \hbox (badness 10000) in paragraph at lines 18--18
[]\TU/lmr/bx/n/12 Hor-i-zon-tal_Distance_
 []


Underfull \hbox (badness 10000) in paragraph at lines 18--18
[]\TU/lmr/bx/n/12 Hor-i-zon-tal_Distance_
 []

) [54] [55] [56] (./resources/tables/covtype-target-count.tex)
<resources/images/covtype-target-distribution.png, id=1186, 867.24pt x 578.16pt
>
File: resources/images/covtype-target-distribution.png Graphic file (type png)
<use resources/images/covtype-target-distribution.png>
Package luatex.def Info: resources/images/covtype-target-distribution.png  used
 on input line 95.
(luatex.def)             Requested size: 407.66833pt x 271.77934pt.
 [57]
<resources/images/covtype-numeric-features-group1.png, id=1196, 867.24pt x 578.
16pt>
File: resources/images/covtype-numeric-features-group1.png Graphic file (type p
ng)
<use resources/images/covtype-numeric-features-group1.png>
Package luatex.def Info: resources/images/covtype-numeric-features-group1.png  
used on input line 128.
(luatex.def)             Requested size: 407.66833pt x 271.77934pt.
<resources/images/covtype-numeric-features-group2.png, id=1197, 867.24pt x 578.
16pt>
File: resources/images/covtype-numeric-features-group2.png Graphic file (type p
ng)
<use resources/images/covtype-numeric-features-group2.png>
Package luatex.def Info: resources/images/covtype-numeric-features-group2.png  
used on input line 136.
(luatex.def)             Requested size: 407.66833pt x 271.77934pt.

Overfull \hbox (0.28558pt too wide) in paragraph at lines 142--152
\TU/lmr/m/n/12 To_Hydrology, Hor-i-zon-tal_Distance_To_Roadways và Hor-i-zon-ta
l_Distance_To_Fire_
 []

<resources/images/covtype-categorical-features-group1.png, id=1202, 867.24pt x 
578.16pt>
File: resources/images/covtype-categorical-features-group1.png Graphic file (ty
pe png)
<use resources/images/covtype-categorical-features-group1.png>
Package luatex.def Info: resources/images/covtype-categorical-features-group1.p
ng  used on input line 176.
(luatex.def)             Requested size: 407.66833pt x 271.77934pt.
<resources/images/covtype-categorical-features-group2.png, id=1203, 867.24pt x 
578.16pt>
File: resources/images/covtype-categorical-features-group2.png Graphic file (ty
pe png)
<use resources/images/covtype-categorical-features-group2.png>
Package luatex.def Info: resources/images/covtype-categorical-features-group2.p
ng  used on input line 184.
(luatex.def)             Requested size: 407.66833pt x 271.77934pt.
<resources/images/covtype-categorical-features-group3.png, id=1204, 867.24pt x 
578.16pt>
File: resources/images/covtype-categorical-features-group3.png Graphic file (ty
pe png)
<use resources/images/covtype-categorical-features-group3.png>
Package luatex.def Info: resources/images/covtype-categorical-features-group3.p
ng  used on input line 192.
(luatex.def)             Requested size: 407.66833pt x 271.77934pt.
<resources/images/covtype-categorical-features-group4.png, id=1205, 867.24pt x 
578.16pt>
File: resources/images/covtype-categorical-features-group4.png Graphic file (ty
pe png)
<use resources/images/covtype-categorical-features-group4.png>
Package luatex.def Info: resources/images/covtype-categorical-features-group4.p
ng  used on input line 200.
(luatex.def)             Requested size: 407.66833pt x 271.77934pt.
[58<./resources/images/covtype-target-distribution.png>] [59<./resources/images/
covtype-numeric-features-group1.png><./resources/images/covtype-numeric-features
-group2.png>] [60<./resources/images/covtype-categorical-features-group1.png><./
resources/images/covtype-categorical-features-group2.png>] [61<./resources/image
s/covtype-categorical-features-group3.png><./resources/images/covtype-categorica
l-features-group4.png>]
<resources/images/covtype-numeric-features-vs-target-group1.png, id=1236, 867.2
4pt x 578.16pt>
File: resources/images/covtype-numeric-features-vs-target-group1.png Graphic fi
le (type png)
<use resources/images/covtype-numeric-features-vs-target-group1.png>
Package luatex.def Info: resources/images/covtype-numeric-features-vs-target-gr
oup1.png  used on input line 222.
(luatex.def)             Requested size: 407.66833pt x 271.77934pt.
<resources/images/covtype-numeric-features-vs-target-group2.png, id=1237, 867.2
4pt x 578.16pt>
File: resources/images/covtype-numeric-features-vs-target-group2.png Graphic fi
le (type png)
<use resources/images/covtype-numeric-features-vs-target-group2.png>
Package luatex.def Info: resources/images/covtype-numeric-features-vs-target-gr
oup2.png  used on input line 230.
(luatex.def)             Requested size: 407.66833pt x 271.77934pt.
<resources/images/covtype-area-wise-target-distribution.png, id=1239, 867.24pt 
x 578.16pt>
File: resources/images/covtype-area-wise-target-distribution.png Graphic file (
type png)
<use resources/images/covtype-area-wise-target-distribution.png>
Package luatex.def Info: resources/images/covtype-area-wise-target-distribution
.png  used on input line 249.
(luatex.def)             Requested size: 407.66833pt x 271.77934pt.
) (./classification/data/preprocessing.tex))
(./classification/model/main.tex [62<./resources/images/covtype-numeric-features
-vs-target-group1.png>] [63<./resources/images/covtype-numeric-features-vs-targe
t-group2.png><./resources/images/covtype-area-wise-target-distribution.png>]
(./classification/model/logistic_regression/main.tex
(./classification/model/logistic_regression/sigmoid-softmax.tex)
(./classification/model/logistic_regression/newton-raphson.tex [64])
(./classification/model/logistic_regression/jacobian-softmax.tex)
(./classification/model/logistic_regression/hessian-cross-entropy-softmax.tex
[65] [66])
(./classification/model/logistic_regression/compare-ovr-ovo-softmax.tex
Overfull \hbox (1.87364pt too wide) in paragraph at lines 3--6
[]\TU/lmr/bx/n/12 So sánh các chiến lược One-vs-Rest, One-vs-One và Soft
max trực tiếp[] \TU/lmr/m/n/12 Bảng kết
 []

(./resources/tables/ovr-ovo-softmax-compare-test.tex)
<resources/images/ovr-ovo-softmax-precision-confusion-matrix.png, id=1311, 1300
.86pt x 722.7pt>
File: resources/images/ovr-ovo-softmax-precision-confusion-matrix.png Graphic f
ile (type png)
<use resources/images/ovr-ovo-softmax-precision-confusion-matrix.png>
Package luatex.def Info: resources/images/ovr-ovo-softmax-precision-confusion-m
atrix.png  used on input line 46.
(luatex.def)             Requested size: 407.66833pt x 226.48279pt.
 [67]))
(./classification/model/lda-qda/main.tex
(./classification/model/lda-qda/lda.tex [68<./resources/images/ovr-ovo-softmax-p
recision-confusion-matrix.png>]) (./classification/model/lda-qda/qda.tex
[69]) (./classification/model/lda-qda/comparision.tex
Overfull \hbox (4.68547pt too wide) in paragraph at lines 3--8
[]\TU/lmr/bx/n/12 So sánh LDA và QDA[] \TU/lmr/m/n/12 Linear Discriminant Anal
ysis (LDA) và Quadratic Discriminant
 []

(./resources/tables/lda-qda-comparison.tex) [70])
(./classification/model/lda-qda/fisher-ratio.tex [71])
(./classification/model/lda-qda/experiments.tex
(./resources/tables/fisher-top-features.tex) [72]
<resources/images/lda-2d-decision-boundary.png, id=1381, 867.24pt x 578.16pt>
File: resources/images/lda-2d-decision-boundary.png Graphic file (type png)
<use resources/images/lda-2d-decision-boundary.png>
Package luatex.def Info: resources/images/lda-2d-decision-boundary.png  used on
 input line 55.
(luatex.def)             Requested size: 407.66833pt x 271.77934pt.
))
(./classification/model/perceptron-regularization/main.tex
(./classification/model/perceptron-regularization/perceptron.tex [73] [74<./reso
urces/images/lda-2d-decision-boundary.png>]
Overfull \hbox (15.75204pt too wide) in paragraph at lines 56--57
[]\TU/lmr/bx/n/12 Không tối ưu biên (non-margin maximizing): \TU/lmr/m/n/1
2 Không giống như SVM, Perceptron
 []

<resources/images/perceptron_result.png, id=1401, 722.7pt x 578.16pt>
File: resources/images/perceptron_result.png Graphic file (type png)
<use resources/images/perceptron_result.png>
Package luatex.def Info: resources/images/perceptron_result.png  used on input 
line 75.
(luatex.def)             Requested size: 407.66833pt x 326.13168pt.
) (./classification/model/perceptron-regularization/L1_L2_regularization.tex
[75] [76<./resources/images/perceptron_result.png>] [77])
(./classification/model/perceptron-regularization/lambda_selection.tex [78]
[79] [80] [81]
Overfull \hbox (11.81361pt too wide) in paragraph at lines 180--181
[]\TU/lmr/m/n/12 Trong các trường hợp như vậy, việc mở rộng kh
ông gian đặc trưng (feature engineering)
 []

) (./classification/model/perceptron-regularization/class_weighted.tex [82]
[83] [84] [85]))) (./classification/evaluation/main.tex
(./classification/evaluation/models-test.tex
(./resources/tables/classification-compare-models-test.tex
Underfull \hbox (badness 10000) in paragraph at lines 13--13
[]\TU/lmr/bx/n/12 Precision
 []


Underfull \hbox (badness 10000) in paragraph at lines 13--13
[]\TU/lmr/bx/n/12 Recall
 []


Underfull \hbox (badness 10000) in paragraph at lines 13--13
[]\TU/lmr/bx/n/12 Precision
 []


Underfull \hbox (badness 10000) in paragraph at lines 13--13
[]\TU/lmr/bx/n/12 Recall
 []

) [86]) (./classification/evaluation/models-cv.tex
(./resources/tables/classification-compare-models-cv-part1.tex)
(./resources/tables/classification-compare-models-cv-part2.tex) [87])
(./classification/evaluation/stat-tests.tex
(./resources/tables/classification-mcnemar-test.tex) [88])
(./classification/evaluation/plots.tex
<resources/images/classification-confusion-matrix.png, id=1524, 867.24pt x 578.
16pt>
File: resources/images/classification-confusion-matrix.png Graphic file (type p
ng)
<use resources/images/classification-confusion-matrix.png>
Package luatex.def Info: resources/images/classification-confusion-matrix.png  
used on input line 7.
(luatex.def)             Requested size: 407.66833pt x 271.77934pt.
 [89<./resources/images/classification-confusion-matrix.png>]
<resources/images/classification-roc-curve.png, id=1533, 867.24pt x 578.16pt>
File: resources/images/classification-roc-curve.png Graphic file (type png)
<use resources/images/classification-roc-curve.png>
Package luatex.def Info: resources/images/classification-roc-curve.png  used on
 input line 78.
(luatex.def)             Requested size: 407.66833pt x 271.77934pt.
 [90]
<resources/images/classification-pr-curve.png, id=1542, 867.24pt x 578.16pt>
File: resources/images/classification-pr-curve.png Graphic file (type png)
<use resources/images/classification-pr-curve.png>
Package luatex.def Info: resources/images/classification-pr-curve.png  used on 
input line 125.
(luatex.def)             Requested size: 407.66833pt x 271.77934pt.
 [91<./resources/images/classification-roc-curve.png>]
<resources/images/classification-calibration-curve.png, id=1552, 867.24pt x 578
.16pt>
File: resources/images/classification-calibration-curve.png Graphic file (type 
png)
<use resources/images/classification-calibration-curve.png>
Package luatex.def Info: resources/images/classification-calibration-curve.png 
 used on input line 172.
(luatex.def)             Requested size: 407.66833pt x 271.77934pt.
[92<./resources/images/classification-pr-curve.png>]
<resources/images/classification-train-loss.png, id=1562, 867.24pt x 578.16pt>
File: resources/images/classification-train-loss.png Graphic file (type png)
<use resources/images/classification-train-loss.png>
Package luatex.def Info: resources/images/classification-train-loss.png  used o
n input line 217.
(luatex.def)             Requested size: 407.66833pt x 271.77934pt.
 [93<./resources/images/classification-calibration-curve.png>])) (./classificat
ion/advanced/main.tex
(./classification/advanced/probit/main.tex [94<./resources/images/classification
-train-loss.png>]
<resources/images/probit-data.png, id=1581, 867.24pt x 578.16pt>
File: resources/images/probit-data.png Graphic file (type png)
<use resources/images/probit-data.png>
Package luatex.def Info: resources/images/probit-data.png  used on input line 5
3.
(luatex.def)             Requested size: 407.66833pt x 271.77934pt.
<resources/images/sgd-decision-boundary.png, id=1582, 867.24pt x 578.16pt>
File: resources/images/sgd-decision-boundary.png Graphic file (type png)
<use resources/images/sgd-decision-boundary.png>
Package luatex.def Info: resources/images/sgd-decision-boundary.png  used on in
put line 60.
(luatex.def)             Requested size: 407.66833pt x 271.77934pt.
<resources/images/sigmoid-decision-boundary.png, id=1583, 867.24pt x 578.16pt>
File: resources/images/sigmoid-decision-boundary.png Graphic file (type png)
<use resources/images/sigmoid-decision-boundary.png>
Package luatex.def Info: resources/images/sigmoid-decision-boundary.png  used o
n input line 67.
(luatex.def)             Requested size: 407.66833pt x 271.77934pt.
<resources/images/probit-decision-boundary.png, id=1584, 867.24pt x 578.16pt>
File: resources/images/probit-decision-boundary.png Graphic file (type png)
<use resources/images/probit-decision-boundary.png>
Package luatex.def Info: resources/images/probit-decision-boundary.png  used on
 input line 74.
(luatex.def)             Requested size: 407.66833pt x 271.77934pt.
<resources/images/sigmoid-probability-output.png, id=1587, 867.24pt x 578.16pt>

File: resources/images/sigmoid-probability-output.png Graphic file (type png)
<use resources/images/sigmoid-probability-output.png>
Package luatex.def Info: resources/images/sigmoid-probability-output.png  used 
on input line 90.
(luatex.def)             Requested size: 407.66833pt x 271.77934pt.
<resources/images/probit-probability-output.png, id=1588, 867.24pt x 578.16pt>
File: resources/images/probit-probability-output.png Graphic file (type png)
<use resources/images/probit-probability-output.png>
Package luatex.def Info: resources/images/probit-probability-output.png  used o
n input line 97.
(luatex.def)             Requested size: 407.66833pt x 271.77934pt.
 [95] [96<./resources/images/probit-data.png><./resources/images/sgd-decision-bo
undary.png>] [97<./resources/images/sigmoid-decision-boundary.png><./resources/i
mages/probit-decision-boundary.png>] [98<./resources/images/sigmoid-probability-
output.png><./resources/images/probit-probability-output.png>] (./resources/tab
les/probit-sigmoid-label-noise-sensitivity-part1.tex)
(./resources/tables/probit-sigmoid-label-noise-sensitivity-part2.tex))
(./classification/advanced/laplace-approximation/main.tex
Overfull \hbox (14.3511pt too wide) in paragraph at lines 3--7
\TU/lmr/m/n/12 Regression bằng một phân phối Gaussian, với tâm tại 
nghiệm MAP (Maximum A Posteriori).
 []

[99]
<resources/images/laplace-decision-boundary-sigma.png, id=1638, 867.24pt x 578.
16pt>
File: resources/images/laplace-decision-boundary-sigma.png Graphic file (type p
ng)
<use resources/images/laplace-decision-boundary-sigma.png>
Package luatex.def Info: resources/images/laplace-decision-boundary-sigma.png  
used on input line 54.
(luatex.def)             Requested size: 407.66833pt x 271.77934pt.
) (./classification/advanced/kernel-logistic-regression/main.tex [100<./resource
s/images/laplace-decision-boundary-sigma.png>] [101]
<resources/images/logistic-regression-xor.png, id=1665, 867.24pt x 578.16pt>
File: resources/images/logistic-regression-xor.png Graphic file (type png)
<use resources/images/logistic-regression-xor.png>
Package luatex.def Info: resources/images/logistic-regression-xor.png  used on 
input line 95.
(luatex.def)             Requested size: 407.66833pt x 271.77934pt.
<resources/images/kernel-logistic-regression-xor.png, id=1666, 867.24pt x 578.1
6pt>
File: resources/images/kernel-logistic-regression-xor.png Graphic file (type pn
g)
<use resources/images/kernel-logistic-regression-xor.png>
Package luatex.def Info: resources/images/kernel-logistic-regression-xor.png  u
sed on input line 103.
(luatex.def)             Requested size: 407.66833pt x 271.77934pt.
)
(./classification/advanced/gaussian-naive-bayes-vs-lda/main.tex [102<./resources
/images/logistic-regression-xor.png>] [103<./resources/images/kernel-logistic-re
gression-xor.png>]) (./classification/advanced/vc-dimension/main.tex [104]
Overfull \hbox (11.24417pt too wide) in paragraph at lines 75--76
[]\TU/lmr/m/n/12 Mặc dù VC dimension lý thuyết của bộ phân lớp tuy
ến tính là $\OML/cmm/m/it/12 D \OT1/cmr/m/n/12 + 1$\TU/lmr/m/n/12 , nhưng 
regularization
 []

[105]
<resources/images/srm_covtype.png, id=1700, 578.16pt x 361.35pt>
File: resources/images/srm_covtype.png Graphic file (type png)
<use resources/images/srm_covtype.png>
Package luatex.def Info: resources/images/srm_covtype.png  used on input line 1
17.
(luatex.def)             Requested size: 362.37569pt x 226.48279pt.
 [106<./resources/images/srm_covtype.png>] [107])))
(./link-regression-classification/main.tex

LaTeX Warning: Citation `pml1Book' undefined on input line 18.

[108]) (./sensitivity-robustness-analysis/main.tex
(./sensitivity-robustness-analysis/split-sens.tex
<resources/images/regression-split-sens-mse.png, id=1736, 1084.05pt x 867.24pt>

File: resources/images/regression-split-sens-mse.png Graphic file (type png)
<use resources/images/regression-split-sens-mse.png>
Package luatex.def Info: resources/images/regression-split-sens-mse.png  used o
n input line 12.
(luatex.def)             Requested size: 407.66833pt x 326.12729pt.
<resources/images/regression-split-sens-mae.png, id=1737, 1084.05pt x 867.24pt>

File: resources/images/regression-split-sens-mae.png Graphic file (type png)
<use resources/images/regression-split-sens-mae.png>
Package luatex.def Info: resources/images/regression-split-sens-mae.png  used o
n input line 20.
(luatex.def)             Requested size: 407.66833pt x 326.12729pt.
 [109] [110<./resources/images/regression-split-sens-mse.png>] [111<./resources/
images/regression-split-sens-mae.png>]
<resources/images/classification-split-sens-acc.png, id=1759, 722.7pt x 578.16p
t>
File: resources/images/classification-split-sens-acc.png Graphic file (type png
)
<use resources/images/classification-split-sens-acc.png>
Package luatex.def Info: resources/images/classification-split-sens-acc.png  us
ed on input line 55.
(luatex.def)             Requested size: 407.66833pt x 326.13168pt.
<resources/images/classification-split-sens-f1.png, id=1760, 722.7pt x 578.16pt
>
File: resources/images/classification-split-sens-f1.png Graphic file (type png)

<use resources/images/classification-split-sens-f1.png>
Package luatex.def Info: resources/images/classification-split-sens-f1.png  use
d on input line 63.
(luatex.def)             Requested size: 407.66833pt x 326.13168pt.
 [112<./resources/images/classification-split-sens-acc.png>] [113<./resources/im
ages/classification-split-sens-f1.png>])
(./sensitivity-robustness-analysis/noise-sens.tex
(./resources/tables/regression-sens-noise.tex [114]) [115]
(./resources/tables/classification-sens-noise.tex
\g__cctab_tmpiii_cctab=\catcodetable15

Underfull \hbox (badness 10000) in paragraph at lines 28--28
[]\TU/lmr/bx/n/12 Ac-cu-racy
 []


Underfull \hbox (badness 10000) in paragraph at lines 28--28
[]\TU/lmr/bx/n/12 Pre-ci-sion
 []


Underfull \hbox (badness 10000) in paragraph at lines 28--28
[]\TU/lmr/bx/n/12 Re-call
 []


Underfull \hbox (badness 10000) in paragraph at lines 28--28
[]\TU/lmr/bx/n/12 F1 macro
 []


Underfull \hbox (badness 10000) in paragraph at lines 28--28
[]\TU/lmr/bx/n/12 Ac-cu-racy
 []


Underfull \hbox (badness 10000) in paragraph at lines 28--28
[]\TU/lmr/bx/n/12 Pre-ci-sion
 []


Underfull \hbox (badness 10000) in paragraph at lines 28--28
[]\TU/lmr/bx/n/12 Re-call
 []


Underfull \hbox (badness 10000) in paragraph at lines 28--28
[]\TU/lmr/bx/n/12 F1 macro
 []

)) (./sensitivity-robustness-analysis/imputation-comparation.tex [116]
(./resources/tables/regression-sens-imputer.tex
Underfull \hbox (badness 10000) in paragraph at lines 96--96
[]\TU/lmr/bx/n/12 Miss-ing
 []


Underfull \hbox (badness 10000) in paragraph at lines 96--96
[]\TU/lmr/bx/n/12 MSE
 []


Underfull \hbox (badness 10000) in paragraph at lines 96--96
[]\TU/lmr/bx/n/12 RMSE
 []


Underfull \hbox (badness 10000) in paragraph at lines 96--96
[]\TU/lmr/bx/n/12 MAE
 []


Underfull \hbox (badness 10000) in paragraph at lines 96--96
[]\TU/lmr/bx/n/12 Miss-ing
 []


Underfull \hbox (badness 10000) in paragraph at lines 96--96
[]\TU/lmr/bx/n/12 MSE
 []


Underfull \hbox (badness 10000) in paragraph at lines 96--96
[]\TU/lmr/bx/n/12 RMSE
 []


Underfull \hbox (badness 10000) in paragraph at lines 96--96
[]\TU/lmr/bx/n/12 MAE
 []

[117] [118]) [119] (./resources/tables/classification-sens-imputer.tex
Underfull \hbox (badness 10000) in paragraph at lines 40--40
[]\TU/lmr/bx/n/12 Miss-ing
 []


Underfull \hbox (badness 10000) in paragraph at lines 40--40
[]\TU/lmr/bx/n/12 Ac-cu-
 []


Underfull \hbox (badness 10000) in paragraph at lines 40--40
\TU/lmr/bx/n/12 racy
 []


Underfull \hbox (badness 10000) in paragraph at lines 40--40
[]\TU/lmr/bx/n/12 Pre-
 []


Underfull \hbox (badness 10000) in paragraph at lines 40--40
\TU/lmr/bx/n/12 ci-sion
 []


Underfull \hbox (badness 10000) in paragraph at lines 40--40
\TU/lmr/bx/n/12 macro
 []


Underfull \hbox (badness 10000) in paragraph at lines 40--40
[]\TU/lmr/bx/n/12 Re-call
 []


Underfull \hbox (badness 10000) in paragraph at lines 40--40
\TU/lmr/bx/n/12 macro
 []


Underfull \hbox (badness 10000) in paragraph at lines 40--40
[]\TU/lmr/bx/n/12 F1
 []


Underfull \hbox (badness 10000) in paragraph at lines 40--40
\TU/lmr/bx/n/12 macro
 []


Underfull \hbox (badness 10000) in paragraph at lines 40--40
[]\TU/lmr/m/n/12 Weighted
 []


Underfull \hbox (badness 10000) in paragraph at lines 40--40
[]\TU/lmr/m/n/12 Weighted
 []


Underfull \hbox (badness 10000) in paragraph at lines 40--40
[]\TU/lmr/m/n/12 Weighted
 []


Underfull \hbox (badness 10000) in paragraph at lines 40--40
[]\TU/lmr/m/n/12 Weighted
 []


Underfull \hbox (badness 10000) in paragraph at lines 40--40
[]\TU/lmr/m/n/12 Weighted
 []


Underfull \hbox (badness 10000) in paragraph at lines 40--40
[]\TU/lmr/m/n/12 Weighted
 []


Underfull \hbox (badness 10000) in paragraph at lines 40--40
[]\TU/lmr/bx/n/12 Miss-ing
 []


Underfull \hbox (badness 10000) in paragraph at lines 40--40
[]\TU/lmr/bx/n/12 Ac-cu-
 []


Underfull \hbox (badness 10000) in paragraph at lines 40--40
\TU/lmr/bx/n/12 racy
 []


Underfull \hbox (badness 10000) in paragraph at lines 40--40
[]\TU/lmr/bx/n/12 Pre-
 []


Underfull \hbox (badness 10000) in paragraph at lines 40--40
\TU/lmr/bx/n/12 ci-sion
 []


Underfull \hbox (badness 10000) in paragraph at lines 40--40
\TU/lmr/bx/n/12 macro
 []


Underfull \hbox (badness 10000) in paragraph at lines 40--40
[]\TU/lmr/bx/n/12 Re-call
 []


Underfull \hbox (badness 10000) in paragraph at lines 40--40
\TU/lmr/bx/n/12 macro
 []


Underfull \hbox (badness 10000) in paragraph at lines 40--40
[]\TU/lmr/bx/n/12 F1
 []


Underfull \hbox (badness 10000) in paragraph at lines 40--40
\TU/lmr/bx/n/12 macro
 []


Underfull \hbox (badness 10000) in paragraph at lines 40--40
[]\TU/lmr/m/n/12 Weighted
 []


Underfull \hbox (badness 10000) in paragraph at lines 40--40
[]\TU/lmr/m/n/12 Weighted
 []

[120]
Underfull \hbox (badness 10000) in paragraph at lines 40--40
[]\TU/lmr/m/n/12 Weighted
 []


Underfull \hbox (badness 10000) in paragraph at lines 40--40
[]\TU/lmr/m/n/12 Weighted
 []


Underfull \hbox (badness 10000) in paragraph at lines 40--40
[]\TU/lmr/m/n/12 Weighted
 []


Underfull \hbox (badness 10000) in paragraph at lines 40--40
[]\TU/lmr/m/n/12 Weighted
 []

)) (./sensitivity-robustness-analysis/converge-analysis.tex
<resources/images/regression-loss-curve.png, id=1812, 578.16pt x 433.62pt>
File: resources/images/regression-loss-curve.png Graphic file (type png)
<use resources/images/regression-loss-curve.png>
Package luatex.def Info: resources/images/regression-loss-curve.png  used on in
put line 10.
(luatex.def)             Requested size: 407.66833pt x 305.74846pt.
 [121]
<resources/images/classification-loss-curve.png, id=1818, 578.16pt x 216.81pt>
File: resources/images/classification-loss-curve.png Graphic file (type png)
<use resources/images/classification-loss-curve.png>
Package luatex.def Info: resources/images/classification-loss-curve.png  used o
n input line 44.
(luatex.def)             Requested size: 407.66833pt x 152.87422pt.
 [122<./resources/images/regression-loss-curve.png>])) (./benchmark/main.tex

LaTeX Warning: Reference `tab:regression-benchmark-part1' on page 123 undefined
 on input line 13.


LaTeX Warning: Reference `tab:regression-benchmark-part2' on page 123 undefined
 on input line 14.

(./resources/tables/regression-benchmark-part1.tex
Underfull \hbox (badness 10000) in paragraph at lines 16--16
[]\TU/lmr/bx/n/12 train time
 []


Underfull \hbox (badness 10000) in paragraph at lines 16--16
[]\TU/lmr/bx/n/12 in-fer-ence
 []


Underfull \hbox (badness 10000) in paragraph at lines 16--16
[]\TU/lmr/bx/n/12 train time
 []


Underfull \hbox (badness 10000) in paragraph at lines 16--16
[]\TU/lmr/bx/n/12 in-fer-ence
 []

) (./resources/tables/regression-benchmark-part2.tex
Underfull \hbox (badness 10000) in paragraph at lines 16--16
[]\TU/lmr/bx/n/12 in-fer-ence
 []


Underfull \hbox (badness 10000) in paragraph at lines 16--16
[]\TU/lmr/bx/n/12 in-fer-ence
 []

) [123<./resources/images/classification-loss-curve.png>]

LaTeX Warning: Reference `tab:classification-benchmark-part1' on page 124 undef
ined on input line 55.


LaTeX Warning: Reference `tab:classification-benchmark-part2' on page 124 undef
ined on input line 56.

(./resources/tables/classification-benchmark-part1.tex
Underfull \hbox (badness 10000) in paragraph at lines 14--14
[]\TU/lmr/bx/n/12 train time
 []


Underfull \hbox (badness 4144) in paragraph at lines 14--14
[]\TU/lmr/bx/n/12 train mem-
 []


Underfull \hbox (badness 10000) in paragraph at lines 14--14
[]\TU/lmr/bx/n/12 in-fer-ence
 []


Underfull \hbox (badness 10000) in paragraph at lines 14--14
[]\TU/lmr/bx/n/12 in-fer-ence
 []


Underfull \hbox (badness 10000) in paragraph at lines 14--14
\TU/lmr/bx/n/12 mem-ory
 []


Underfull \hbox (badness 10000) in paragraph at lines 14--14
[]\TU/lmr/bx/n/12 train time
 []


Underfull \hbox (badness 4144) in paragraph at lines 14--14
[]\TU/lmr/bx/n/12 train mem-
 []


Underfull \hbox (badness 10000) in paragraph at lines 14--14
[]\TU/lmr/bx/n/12 in-fer-ence
 []


Underfull \hbox (badness 10000) in paragraph at lines 14--14
[]\TU/lmr/bx/n/12 in-fer-ence
 []


Underfull \hbox (badness 10000) in paragraph at lines 14--14
\TU/lmr/bx/n/12 mem-ory
 []

) (./resources/tables/classification-benchmark-part2.tex
Underfull \hbox (badness 10000) in paragraph at lines 14--14
[]\TU/lmr/bx/n/12 train time
 []


Underfull \hbox (badness 4144) in paragraph at lines 14--14
[]\TU/lmr/bx/n/12 train mem-
 []


Underfull \hbox (badness 10000) in paragraph at lines 14--14
[]\TU/lmr/bx/n/12 in-fer-ence
 []


Underfull \hbox (badness 10000) in paragraph at lines 14--14
[]\TU/lmr/bx/n/12 in-fer-ence
 []


Underfull \hbox (badness 10000) in paragraph at lines 14--14
[]\TU/lmr/bx/n/12 train time
 []


Underfull \hbox (badness 4144) in paragraph at lines 14--14
[]\TU/lmr/bx/n/12 train mem-
 []


Underfull \hbox (badness 10000) in paragraph at lines 14--14
[]\TU/lmr/bx/n/12 in-fer-ence
 []


Underfull \hbox (badness 10000) in paragraph at lines 14--14
[]\TU/lmr/bx/n/12 in-fer-ence
 []

) [124]) (./complete-comparation/main.tex

LaTeX Warning: Reference `tab:complete-comparation' on page 125 undefined on in
put line 3.

[125] (./resources/tables/complete-comparation.tex
Underfull \hbox (badness 6542) in paragraph at lines 54--54
[]$\OML/cmm/m/it/12 t \OT1/cmr/m/n/12 = [][][] + \OML/cmm/m/it/12 "$ \TU/lmr/m/
n/12 với
 []


Underfull \hbox (badness 1902) in paragraph at lines 54--54
\TU/lmr/m/n/12 cho bài toán nhị lớp,
 []


Underfull \hbox (badness 3088) in paragraph at lines 54--54
\OML/cmm/m/it/12 P\OT1/cmr/m/n/12 (\OML/cmm/m/it/12 t \OT1/cmr/m/n/12 = \OML/cm
m/m/it/12 k \OMS/cmsy/m/n/12 j []\OT1/cmr/m/n/12 ) =
 []


Overfull \hbox (19.88388pt too wide) in paragraph at lines 54--54
[]\OT1/cmr/m/n/12 ([][][])/[][][] []([][][])[]$
 []


Underfull \hbox (badness 10000) in paragraph at lines 54--54
[]\TU/lmr/m/n/12 Ridge có $[][] \OT1/cmr/m/n/12 =
 []


Underfull \hbox (badness 10000) in paragraph at lines 54--54
\OT1/cmr/m/n/12 ([][][] + \OML/cmm/m/it/12 []\OT1/cmr/m/n/12 )[][][][]$\TU/lmr
/m/n/12 ;
 []


Underfull \hbox (badness 10000) in paragraph at lines 54--54
[]$\OT1/cmr/m/n/12 (\OML/cmm/m/it/12 NM[] \OT1/cmr/m/n/12 + \OML/cmm/m/it/12 M[]\OT1/cmr/m/n/12 )$ \TU/lmr/m/n/12 khi
 []


Underfull \hbox (badness 10000) in paragraph at lines 54--54
\OT1/cmr/m/n/12 (\OML/cmm/m/it/12 ENM\OT1/cmr/m/n/12 )$ \TU/lmr/m/n/12 khi d
ùng
 []


Underfull \hbox (badness 10000) in paragraph at lines 54--54
\OT1/cmr/m/n/12 (\OML/cmm/m/it/12 ENM\OT1/cmr/m/n/12 )$ \TU/lmr/m/n/12 khi d
ùng
 []


Underfull \hbox (badness 10000) in paragraph at lines 54--54
\TU/lmr/m/n/12 gradient descent; còn
 []


Underfull \hbox (badness 2435) in paragraph at lines 54--54
\TU/lmr/m/n/12 dùng gradient descent;
 []


Underfull \hbox (badness 2020) in paragraph at lines 54--54
\OT1/cmr/m/n/12 (\OML/cmm/m/it/12 KNM \OT1/cmr/m/n/12 + \OML/cmm/m/it/12 KM[]\
OT1/cmr/m/n/12 )$ \TU/lmr/m/n/12 khi
 []


Underfull \hbox (badness 2080) in paragraph at lines 54--54
[]\TU/lmr/m/n/12 LDA cao, QDA trung
 []


Underfull \hbox (badness 6542) in paragraph at lines 54--54
[]$\OML/cmm/m/it/12 t \OT1/cmr/m/n/12 = [][][] + \OML/cmm/m/it/12 "$ \TU/lmr/m/
n/12 với
 []


Underfull \hbox (badness 1902) in paragraph at lines 54--54
\TU/lmr/m/n/12 cho bài toán nhị lớp,
 []


Underfull \hbox (badness 3088) in paragraph at lines 54--54
\OML/cmm/m/it/12 P\OT1/cmr/m/n/12 (\OML/cmm/m/it/12 t \OT1/cmr/m/n/12 = \OML/cm
m/m/it/12 k \OMS/cmsy/m/n/12 j []\OT1/cmr/m/n/12 ) =
 []


Overfull \hbox (19.88388pt too wide) in paragraph at lines 54--54
[]\OT1/cmr/m/n/12 ([][][])/[][][] []([][][])[]$
 []


Underfull \hbox (badness 10000) in paragraph at lines 54--54
[]\TU/lmr/m/n/12 Ridge có $[][] \OT1/cmr/m/n/12 =
 []


Underfull \hbox (badness 10000) in paragraph at lines 54--54
\OT1/cmr/m/n/12 ([][][] + \OML/cmm/m/it/12 []\OT1/cmr/m/n/12 )[][][][]$\TU/lmr
/m/n/12 ;
 []


Underfull \hbox (badness 10000) in paragraph at lines 54--54
[]$\OT1/cmr/m/n/12 (\OML/cmm/m/it/12 NM[] \OT1/cmr/m/n/12 + \OML/cmm/m/it/12 M[]\OT1/cmr/m/n/12 )$ \TU/lmr/m/n/12 khi
 []


Underfull \hbox (badness 10000) in paragraph at lines 54--54
\OT1/cmr/m/n/12 (\OML/cmm/m/it/12 ENM\OT1/cmr/m/n/12 )$ \TU/lmr/m/n/12 khi d
ùng
 []


Underfull \hbox (badness 10000) in paragraph at lines 54--54
\OT1/cmr/m/n/12 (\OML/cmm/m/it/12 ENM\OT1/cmr/m/n/12 )$ \TU/lmr/m/n/12 khi d
ùng
 []


Underfull \hbox (badness 10000) in paragraph at lines 54--54
\TU/lmr/m/n/12 gradient descent; còn
 []


Underfull \hbox (badness 2435) in paragraph at lines 54--54
\TU/lmr/m/n/12 dùng gradient descent;
 []


Underfull \hbox (badness 2020) in paragraph at lines 54--54
\OT1/cmr/m/n/12 (\OML/cmm/m/it/12 KNM \OT1/cmr/m/n/12 + \OML/cmm/m/it/12 KM[]\
OT1/cmr/m/n/12 )$ \TU/lmr/m/n/12 khi
 []


Underfull \hbox (badness 2080) in paragraph at lines 54--54
[]\TU/lmr/m/n/12 LDA cao, QDA trung
 []

) [126

]) (./information/main.tex

LaTeX Warning: Reference `tab:info-members' on page 127 undefined on input line
 7.


LaTeX Warning: Reference `tab:task-members' on page 127 undefined on input line
 28.

[127

]

LaTeX Warning: Reference `tab:requirement-project' on page 128 undefined on inp
ut line 87.

[128] [129] [130]) [131] (./report.bbl) [132

] (./report.aux)
 ***********
LaTeX2e <2025-11-01>
L3 programming layer <2026-03-20>
 ***********


LaTeX Warning: There were undefined references.


LaTeX Warning: Label(s) may have changed. Rerun to get cross-references right.


Package rerunfilecheck Warning: File `report.out' has changed.
(rerunfilecheck)                Rerun to get outlines right
(rerunfilecheck)                or use package `bookmark'.

Package rerunfilecheck Info: Checksums for `report.out':
(rerunfilecheck)             Before: C1832A3F048C97C2D67C846808ED0542;13166
(rerunfilecheck)             After:  C294E2FDD289D0E4AF32B52405BFF406;14641.
)

Here is how much of LuaTeX's memory you used:
 41866 strings out of 475900
 381534,1373583 words of node,token memory allocated
 2556 words of node memory still in use:
   7 hlist, 2 vlist, 2 rule, 2 glue, 4 kern, 1 glyph, 426 attribute, 80 glue_spe
c, 426 attribute_list, 2 write, 40 pdf_action nodes
   avail lists: 2:18384,3:756,4:189,5:661,6:716,7:20645,8:92,9:15599,10:17,11:51

 59973 multiletter control sequences out of 65536+600000
 77 fonts using 5748799 bytes
 89i,16n,145p,800b,7629s stack positions out of 10000i,1000n,20000p,200000b,200000s

warning  (pdf backend): unreferenced destination with name 'cite.pml1Book'

warning  (pdf backend): unreferenced destination with name 'cite.covertype_31'

warning  (pdf backend): unreferenced destination with name 'cite.geron2019hands'


warning  (pdf backend): unreferenced destination with name 'table.caption.286'

warning  (pdf backend): unreferenced destination with name 'table.caption.285'

warning  (pdf backend): unreferenced destination with name 'table.caption.264'

warning  (pdf backend): unreferenced destination with name 'table.caption.263'

warning  (pdf backend): unreferenced destination with name 'table.caption.262'

warning  (pdf backend): unreferenced destination with name 'table.caption.261'

warning  (pdf backend): unreferenced destination with name 'table.caption.233'

warning  (pdf backend): unreferenced destination with name 'table.caption.211'

warning  (pdf backend): unreferenced destination with name 'table.caption.200'

warning  (pdf backend): unreferenced destination with name 'table.caption.188'

warning  (pdf backend): unreferenced destination with name 'table.caption.158'

warning  (pdf backend): unreferenced destination with name 'table.caption.157'

warning  (pdf backend): unreferenced destination with name 'table.caption.154'

warning  (pdf backend): unreferenced destination with name 'table.caption.151'

warning  (pdf backend): unreferenced destination with name 'table.caption.150'

warning  (pdf backend): unreferenced destination with name 'table.caption.129'

warning  (pdf backend): unreferenced destination with name 'table.caption.126'

warning  (pdf backend): unreferenced destination with name 'table.caption.124'

warning  (pdf backend): unreferenced destination with name 'table.caption.121'

warning  (pdf backend): unreferenced destination with name 'table.caption.105'

warning  (pdf backend): unreferenced destination with name 'table.caption.97'

warning  (pdf backend): unreferenced destination with name 'table.caption.33'

warning  (pdf backend): unreferenced destination with name 'figure.caption.314'

warning  (pdf backend): unreferenced destination with name 'figure.caption.313'

warning  (pdf backend): unreferenced destination with name 'figure.caption.312'

warning  (pdf backend): unreferenced destination with name 'figure.caption.311'

warning  (pdf backend): unreferenced destination with name 'figure.caption.310'

warning  (pdf backend): unreferenced destination with name 'figure.caption.304'

warning  (pdf backend): unreferenced destination with name 'figure.caption.292'

warning  (pdf backend): unreferenced destination with name 'figure.caption.280'

warning  (pdf backend): unreferenced destination with name 'figure.caption.278'

warning  (pdf backend): unreferenced destination with name 'figure.caption.274'

warning  (pdf backend): unreferenced destination with name 'figure.caption.272'

warning  (pdf backend): unreferenced destination with name 'figure.caption.270'

warning  (pdf backend): unreferenced destination with name 'figure.caption.268'

warning  (pdf backend): unreferenced destination with name 'figure.caption.266'

warning  (pdf backend): unreferenced destination with name 'figure.caption.220'

warning  (pdf backend): unreferenced destination with name 'figure.caption.214'

warning  (pdf backend): unreferenced destination with name 'figure.caption.189'

warning  (pdf backend): unreferenced destination with name 'figure.caption.168'

warning  (pdf backend): unreferenced destination with name 'figure.caption.165'

warning  (pdf backend): unreferenced destination with name 'figure.caption.164'

warning  (pdf backend): unreferenced destination with name 'figure.caption.162'

warning  (pdf backend): unreferenced destination with name 'figure.caption.145'

warning  (pdf backend): unreferenced destination with name 'figure.caption.134'

warning  (pdf backend): unreferenced destination with name 'figure.caption.132'

warning  (pdf backend): unreferenced destination with name 'figure.caption.113'

warning  (pdf backend): unreferenced destination with name 'figure.caption.111'

warning  (pdf backend): unreferenced destination with name 'figure.caption.109'

warning  (pdf backend): unreferenced destination with name 'figure.caption.95'

warning  (pdf backend): unreferenced destination with name 'figure.caption.91'

warning  (pdf backend): unreferenced destination with name 'figure.caption.88'

warning  (pdf backend): unreferenced destination with name 'figure.caption.85'

warning  (pdf backend): unreferenced destination with name 'figure.caption.71'

warning  (pdf backend): unreferenced destination with name 'figure.caption.68'

warning  (pdf backend): unreferenced destination with name 'figure.caption.31'

warning  (pdf backend): unreferenced destination with name 'figure.caption.29'

warning  (pdf backend): unreferenced destination with name 'section*.316'
<c:/users/admin/appdata/local/programs/miktex/fonts/opentype/public/lm/lmmono12-
regular.otf><c:/users/admin/appdata/local/programs/miktex/fonts/opentype/public/
lm/lmromandemi10-regular.otf><c:/users/admin/appdata/local/programs/miktex/fonts
/opentype/public/lm/lmroman8-regular.otf><c:/users/admin/appdata/local/programs/
miktex/fonts/opentype/public/lm/lmroman12-italic.otf><c:/users/admin/appdata/loc
al/programs/miktex/fonts/opentype/public/lm/lmroman12-regular.otf><c:/users/admi
n/appdata/local/programs/miktex/fonts/opentype/public/lm/lmroman12-bold.otf><c:/
users/admin/appdata/local/programs/miktex/fonts/opentype/public/lm/lmroman17-reg
ular.otf><C:/Users/Admin/AppData/Local/Programs/MiKTeX/fonts/type1/public/amsfon
ts/cmextra/cmbsy8.pfb><C:/Users/Admin/AppData/Local/Programs/MiKTeX/fonts/type1/
public/amsfonts/cm/cmbx12.pfb><C:/Users/Admin/AppData/Local/Programs/MiKTeX/font
s/type1/public/amsfonts/cm/cmex10.pfb><C:/Users/Admin/AppData/Local/Programs/MiK
TeX/fonts/type1/public/amsfonts/cm/cmmi12.pfb><C:/Users/Admin/AppData/Local/Prog
rams/MiKTeX/fonts/type1/public/amsfonts/cm/cmmi6.pfb><C:/Users/Admin/AppData/Loc
al/Programs/MiKTeX/fonts/type1/public/amsfonts/cm/cmmi8.pfb><C:/Users/Admin/AppD
ata/Local/Programs/MiKTeX/fonts/type1/public/amsfonts/cm/cmmib10.pfb><C:/Users/A
dmin/AppData/Local/Programs/MiKTeX/fonts/type1/public/amsfonts/cmextra/cmmib8.pf
b><C:/Users/Admin/AppData/Local/Programs/MiKTeX/fonts/type1/public/amsfonts/cm/c
mr12.pfb><C:/Users/Admin/AppData/Local/Programs/MiKTeX/fonts/type1/public/amsfon
ts/cm/cmr6.pfb><C:/Users/Admin/AppData/Local/Programs/MiKTeX/fonts/type1/public/
amsfonts/cm/cmr8.pfb><C:/Users/Admin/AppData/Local/Programs/MiKTeX/fonts/type1/p
ublic/amsfonts/cm/cmsy10.pfb><C:/Users/Admin/AppData/Local/Programs/MiKTeX/fonts
/type1/public/amsfonts/cm/cmsy6.pfb><C:/Users/Admin/AppData/Local/Programs/MiKTe
X/fonts/type1/public/amsfonts/cm/cmsy8.pfb><C:/Users/Admin/AppData/Local/Program
s/MiKTeX/fonts/type1/public/amsfonts/symbols/msam10.pfb><C:/Users/Admin/AppData/
Local/Programs/MiKTeX/fonts/type1/public/amsfonts/symbols/msam7.pfb><C:/Users/Ad
min/AppData/Local/Programs/MiKTeX/fonts/type1/public/amsfonts/symbols/msbm10.pfb
>
Output written on report.pdf (133 pages, 7605491 bytes).

PDF statistics: 2024 PDF objects out of 2073 (max. 8388607)
 774 named destinations out of 1000 (max. 1048576)
 552 words of extra memory for PDF output out of 10000 (max. 100000000)

