\BOOKMARK [1][-]{section*.1}{\376\377\000M\036\345\000c\000\040\000l\036\345\000c}{}% 1
\BOOKMARK [1][-]{section*.2}{\376\377\000D\000a\000n\000h\000\040\000s\000\341\000c\000h\000\040\000h\000\354\000n\000h\000\040\000v\036\275}{}% 2
\BOOKMARK [1][-]{section*.3}{\376\377\000D\000a\000n\000h\000\040\000s\000\341\000c\000h\000\040\000b\036\243\000n\000g}{}% 3
\BOOKMARK [1][-]{section.1}{\376\377\000B\000\340\000i\000\040\000t\000o\000\341\000n\000\040\000h\036\323\000i\000\040\000q\000u\000y}{}% 4
\BOOKMARK [2][-]{subsection.1.1}{\376\377\000D\036\357\000\040\000l\000i\036\307\000u}{section.1}% 5
\BOOKMARK [3][-]{subsubsection.1.1.1}{\376\377\000M\000\364\000\040\000t\036\243\000\040\000d\036\357\000\040\000l\000i\036\307\000u}{subsection.1.1}% 6
\BOOKMARK [3][-]{subsubsection.1.1.2}{\376\377\000P\000h\000\342\000n\000\040\000t\000\355\000c\000h\000\040\000k\000h\000\341\000m\000\040\000p\000h\000\341}{subsection.1.1}% 7
\BOOKMARK [3][-]{subsubsection.1.1.3}{\376\377\000T\000i\036\301\000n\000\040\000x\036\355\000\040\000l\000\375}{subsection.1.1}% 8
\BOOKMARK [2][-]{subsection.1.2}{\376\377\000C\000\341\000c\000\040\000m\000\364\000\040\000h\000\354\000n\000h}{section.1}% 9
\BOOKMARK [3][-]{subsubsection.1.2.1}{\376\377\000H\036\323\000i\000\040\000q\000u\000y\000\040\000t\000u\000y\036\277\000n\000\040\000t\000\355\000n\000h}{subsection.1.2}% 10
\BOOKMARK [3][-]{subsubsection.1.2.2}{\376\377\000K\000i\036\303\000m\000\040\000t\000r\000a\000\040\000g\000i\036\243\000\040\000t\000h\000i\036\277\000t\000\040\000G\000a\000u\000s\000s\040\023\000M\000a\000r\000k\000o\000v}{subsection.1.2}% 11
\BOOKMARK [3][-]{subsubsection.1.2.3}{\376\377\000R\000e\000g\000u\000l\000a\000r\000i\000z\000a\000t\000i\000o\000n}{subsection.1.2}% 12
\BOOKMARK [3][-]{subsubsection.1.2.4}{\376\377\000M\000\364\000\040\000h\000\354\000n\000h\000\040\000v\036\333\000i\000\040\000H\000\340\000m\000\040\000C\001\241\000\040\000s\036\337\000\040\000P\000h\000i\000\040\000T\000u\000y\036\277\000n}{subsection.1.2}% 13
\BOOKMARK [3][-]{subsubsection.1.2.5}{\376\377\000V\000a\000l\000i\000d\000a\000t\000i\000o\000n\000\040\000C\000u\000r\000v\000e}{subsection.1.2}% 14
\BOOKMARK [3][-]{subsubsection.1.2.6}{\376\377\000A\000b\000l\000a\000t\000i\000o\000n\000\040\000S\000t\000u\000d\000y}{subsection.1.2}% 15
\BOOKMARK [2][-]{subsection.1.3}{\376\377\001\020\000\341\000n\000h\000\040\000g\000i\000\341\000\040\000v\000\340\000\040\000p\000h\000\342\000n\000\040\000t\000\355\000c\000h\000\040\000c\000\341\000c\000\040\000m\000\364\000\040\000h\000\354\000n\000h}{section.1}% 16
\BOOKMARK [3][-]{subsubsection.1.3.1}{\376\377\001\020\000\341\000n\000h\000\040\000g\000i\000\341\000\040\000t\000r\000\352\000n\000\040\000t\036\255\000p\000\040\000k\000i\036\303\000m\000\040\000t\000r\000a}{subsection.1.3}% 17
\BOOKMARK [3][-]{subsubsection.1.3.2}{\376\377\001\020\000\341\000n\000h\000\040\000g\000i\000\341\000\040\000q\000u\000a\000\040\000c\000r\000o\000s\000s\000-\000v\000a\000l\000i\000d\000a\000t\000i\000o\000n}{subsection.1.3}% 18
\BOOKMARK [3][-]{subsubsection.1.3.3}{\376\377\001\020\000\341\000n\000h\000\040\000g\000i\000\341\000\040\000k\000i\036\303\000m\000\040\001\021\036\313\000n\000h\000\040\000c\000\341\000c\000\040\000c\036\267\000p\000\040\000m\000\364\000\040\000h\000\354\000n\000h}{subsection.1.3}% 19
\BOOKMARK [3][-]{subsubsection.1.3.4}{\376\377\000C\000\341\000c\000\040\000b\000i\036\303\000u\000\040\001\021\036\323\000\040\000s\000o\000\040\000s\000\341\000n\000h}{subsection.1.3}% 20
\BOOKMARK [2][-]{subsection.1.4}{\376\377\000P\000h\036\247\000n\000\040\000n\000\342\000n\000g\000\040\000c\000a\000o}{section.1}% 21
\BOOKMARK [3][-]{subsubsection.1.4.1}{\376\377\000G\000a\000u\000s\000s\000i\000a\000n\000\040\000P\000r\000o\000c\000e\000s\000s\000\040\000R\000e\000g\000r\000e\000s\000s\000i\000o\000n}{subsection.1.4}% 22
\BOOKMARK [3][-]{subsubsection.1.4.2}{\376\377\000K\000e\000r\000n\000e\000l\000\040\000R\000i\000d\000g\000e\000\040\000R\000e\000g\000r\000e\000s\000s\000i\000o\000n}{subsection.1.4}% 23
\BOOKMARK [3][-]{subsubsection.1.4.3}{\376\377\000P\000h\000\342\000n\000\040\000t\000\355\000c\000h\000\040\000B\000i\000a\000s\000-\000V\000a\000r\000i\000a\000n\000c\000e}{subsection.1.4}% 24
\BOOKMARK [3][-]{subsubsection.1.4.4}{\376\377\000B\000a\000y\000e\000s\000i\000a\000n\000\040\000L\000i\000n\000e\000a\000r\000\040\000R\000e\000g\000r\000e\000s\000s\000i\000o\000n}{subsection.1.4}% 25
\BOOKMARK [3][-]{subsubsection.1.4.5}{\376\377\000R\000o\000b\000u\000s\000t\000\040\000R\000e\000g\000r\000e\000s\000s\000i\000o\000n\000\040\000v\036\333\000i\000\040\000I\000R\000L\000S}{subsection.1.4}% 26
\BOOKMARK [1][-]{section.2}{\376\377\000B\000\340\000i\000\040\000t\000o\000\341\000n\000\040\000p\000h\000\342\000n\000\040\000l\036\333\000p}{}% 27
\BOOKMARK [2][-]{subsection.2.1}{\376\377\000D\036\357\000\040\000l\000i\036\307\000u}{section.2}% 28
\BOOKMARK [3][-]{subsubsection.2.1.1}{\376\377\000M\000\364\000\040\000t\036\243\000\040\000d\036\357\000\040\000l\000i\036\307\000u}{subsection.2.1}% 29
\BOOKMARK [3][-]{subsubsection.2.1.2}{\376\377\000P\000h\000\342\000n\000\040\000t\000\355\000c\000h\000\040\000k\000h\000\341\000m\000\040\000p\000h\000\341}{subsection.2.1}% 30
\BOOKMARK [3][-]{subsubsection.2.1.3}{\376\377\000T\000i\036\301\000n\000\040\000x\036\355\000\040\000l\000\375}{subsection.2.1}% 31
\BOOKMARK [2][-]{subsection.2.2}{\376\377\000C\000\341\000c\000\040\000m\000\364\000\040\000h\000\354\000n\000h}{section.2}% 32
\BOOKMARK [3][-]{subsubsection.2.2.1}{\376\377\000H\036\323\000i\000\040\000q\000u\000y\000\040\000L\000o\000g\000i\000s\000t\000i\000c\000\040\000\050\000L\000o\000g\000i\000s\000t\000i\000c\000\040\000R\000e\000g\000r\000e\000s\000s\000i\000o\000n\000\051}{subsection.2.2}% 33
\BOOKMARK [3][-]{subsubsection.2.2.2}{\376\377\000L\000i\000n\000e\000a\000r\000\040\000D\000i\000s\000c\000r\000i\000m\000i\000n\000a\000n\000t\000\040\000A\000n\000a\000l\000y\000s\000i\000s}{subsection.2.2}% 34
\BOOKMARK [3][-]{subsubsection.2.2.3}{\376\377\000P\000e\000r\000c\000e\000p\000t\000r\000o\000n}{subsection.2.2}% 35
\BOOKMARK [3][-]{subsubsection.2.2.4}{\376\377\000R\000e\000g\000u\000l\000a\000r\000i\000z\000a\000t\000i\000o\000n\000\040\000t\000r\000o\000n\000g\000\040\000L\000o\000g\000i\000s\000t\000i\000c\000\040\000R\000e\000g\000r\000e\000s\000s\000i\000o\000n}{subsection.2.2}% 36
\BOOKMARK [3][-]{subsubsection.2.2.5}{\376\377\000C\000h\036\315\000n\000\040\000t\000h\000a\000m\000\040\000s\036\321\000\040\000b\036\261\000n\000g\000\040\000S\000t\000r\000a\000t\000i\000f\000i\000e\000d\000\040\000K\000-\000F\000o\000l\000d}{subsection.2.2}% 37
\BOOKMARK [3][-]{subsubsection.2.2.6}{\376\377\000C\000l\000a\000s\000s\000-\000W\000e\000i\000g\000h\000t\000e\000d\000\040\000L\000o\000s\000s}{subsection.2.2}% 38
\BOOKMARK [2][-]{subsection.2.3}{\376\377\001\020\000\341\000n\000h\000\040\000g\000i\000\341\000\040\000v\000\340\000\040\000p\000h\000\342\000n\000\040\000t\000\355\000c\000h\000\040\000c\000\341\000c\000\040\000m\000\364\000\040\000h\000\354\000n\000h}{section.2}% 39
\BOOKMARK [3][-]{subsubsection.2.3.1}{\376\377\001\020\000\341\000n\000h\000\040\000g\000i\000\341\000\040\000t\000r\000\352\000n\000\040\000t\036\255\000p\000\040\000k\000i\036\303\000m\000\040\000t\000r\000a}{subsection.2.3}% 40
\BOOKMARK [3][-]{subsubsection.2.3.2}{\376\377\001\020\000\341\000n\000h\000\040\000g\000i\000\341\000\040\000q\000u\000a\000\040\000c\000r\000o\000s\000s\000-\000v\000a\000l\000i\000d\000a\000t\000i\000o\000n}{subsection.2.3}% 41
\BOOKMARK [3][-]{subsubsection.2.3.3}{\376\377\001\020\000\341\000n\000h\000\040\000g\000i\000\341\000\040\000k\000i\036\303\000m\000\040\001\021\036\313\000n\000h\000\040\000c\000\341\000c\000\040\000c\036\267\000p\000\040\000m\000\364\000\040\000h\000\354\000n\000h}{subsection.2.3}% 42
\BOOKMARK [3][-]{subsubsection.2.3.4}{\376\377\000C\000\341\000c\000\040\000b\000i\036\303\000u\000\040\001\021\036\323\000\040\000s\000o\000\040\000s\000\341\000n\000h}{subsection.2.3}% 43
\BOOKMARK [2][-]{subsection.2.4}{\376\377\000P\000h\036\247\000n\000\040\000n\000\342\000n\000g\000\040\000c\000a\000o}{section.2}% 44
\BOOKMARK [3][-]{subsubsection.2.4.1}{\376\377\000M\000\364\000\040\000h\000\354\000n\000h\000\040\000P\000r\000o\000b\000i\000t}{subsection.2.4}% 45
\BOOKMARK [3][-]{subsubsection.2.4.2}{\376\377\000X\036\245\000p\000\040\000x\036\311\000\040\000L\000a\000p\000l\000a\000c\000e}{subsection.2.4}% 46
\BOOKMARK [3][-]{subsubsection.2.4.3}{\376\377\000K\000e\000r\000n\000e\000l\000\040\000L\000o\000g\000i\000s\000t\000i\000c\000\040\000R\000e\000g\000r\000e\000s\000s\000i\000o\000n}{subsection.2.4}% 47
\BOOKMARK [3][-]{subsubsection.2.4.4}{\376\377\000G\000a\000u\000s\000s\000i\000a\000n\000\040\000N\000a\000i\000v\000e\000\040\000B\000a\000y\000e\000s\000\040\000v\000s\000.\000\040\000L\000D\000A}{subsection.2.4}% 48
\BOOKMARK [3][-]{subsubsection.2.4.5}{\376\377\000P\000h\000\342\000n\000\040\000t\000\355\000c\000h\000\040\000V\000C\000\040\000D\000i\000m\000e\000n\000s\000i\000o\000n\000\040\000v\000\340\000\040\000S\000t\000r\000u\000c\000t\000u\000r\000a\000l\000\040\000R\000i\000s\000k\000\040\000M\000i\000n\000i\000m\000i\000z\000a\000t\000i\000o\000n}{subsection.2.4}% 49
\BOOKMARK [1][-]{section.3}{\376\377\000K\036\277\000t\000\040\000n\036\321\000i\000\040\000h\036\323\000i\000\040\000q\000u\000y\000\040\000v\000\340\000\040\000p\000h\000\342\000n\000\040\000l\036\333\000p}{}% 50
\BOOKMARK [2][-]{subsection.3.1}{\376\377\000L\000o\000g\000i\000s\000t\000i\000c\000\040\000R\000e\000g\000r\000e\000s\000s\000i\000o\000n\000\040\000n\000h\001\260\000\040\000m\036\331\000t\000\040\000b\000\340\000i\000\040\000t\000o\000\341\000n\000\040\000h\036\323\000i\000\040\000q\000u\000y}{section.3}% 51
\BOOKMARK [2][-]{subsection.3.2}{\376\377\000K\000h\000u\000n\000g\000\040\000G\000e\000n\000e\000r\000a\000l\000i\000z\000e\000d\000\040\000L\000i\000n\000e\000a\000r\000\040\000M\000o\000d\000e\000l\000s\000\040\000\050\000G\000L\000M\000\051}{section.3}% 52
\BOOKMARK [2][-]{subsection.3.3}{\376\377\000V\000a\000i\000\040\000t\000r\000\362\000\040\000c\036\347\000a\000\040\000e\000x\000p\000o\000n\000e\000n\000t\000i\000a\000l\000\040\000f\000a\000m\000i\000l\000y}{section.3}% 53
\BOOKMARK [2][-]{subsection.3.4}{\376\377\000T\036\325\000n\000g\000\040\000k\036\277\000t}{section.3}% 54
\BOOKMARK [1][-]{section.4}{\376\377\000P\000h\000\342\000n\000\040\000t\000\355\000c\000h\000\040\000m\036\351\000c\000\040\001\021\036\331\000\040\000n\000h\036\241\000y\000\040\000c\036\243\000m\000\040\000v\000\340\000\040\000t\000\355\000n\000h\000\040\000b\036\301\000n\000\040\000v\036\357\000n\000g}{}% 55
\BOOKMARK [2][-]{subsection.4.1}{\376\377\001\020\036\331\000\040\000n\000h\036\241\000y\000\040\000c\036\243\000m\000\040\000v\036\333\000i\000\040\000t\036\311\000\040\000l\036\307\000\040\000t\036\255\000p\000\040\000h\000u\036\245\000n\000\040\000l\000u\000y\036\307\000n\000\040\000v\000\340\000\040\000t\036\255\000p\000\040\000k\000i\036\303\000m\000\040\000t\000r\000a}{section.4}% 56
\BOOKMARK [3][-]{subsubsection.4.1.1}{\376\377\000H\036\323\000i\000\040\000q\000u\000y}{subsection.4.1}% 57
\BOOKMARK [3][-]{subsubsection.4.1.2}{\376\377\000P\000h\000\342\000n\000\040\000l\036\333\000p}{subsection.4.1}% 58
\BOOKMARK [2][-]{subsection.4.2}{\376\377\001\020\036\331\000\040\000n\000h\036\241\000y\000\040\000c\036\243\000m\000\040\000v\036\333\000i\000\040\000n\000h\000i\036\305\000u\000\040\000G\000a\000u\000s\000s\000i\000a\000n\000\040\036\337\000\040\000c\000\341\000c\000\040\000b\000i\036\277\000n\000\040\001\021\036\267\000c\000\040\000t\000r\001\260\000n\000g}{section.4}% 59
\BOOKMARK [3][-]{subsubsection.4.2.1}{\376\377\000H\036\323\000i\000\040\000q\000u\000y}{subsection.4.2}% 60
\BOOKMARK [3][-]{subsubsection.4.2.2}{\376\377\000P\000h\000\342\000n\000\040\000l\036\333\000p}{subsection.4.2}% 61
\BOOKMARK [2][-]{subsection.4.3}{\376\377\000S\000o\000\040\000s\000\341\000n\000h\000\040\000c\000\341\000c\000\040\000c\000h\000i\036\277\000n\000\040\000l\001\260\036\343\000c\000\040\000b\036\325\000\040\000s\000u\000n\000g\000\040\000d\036\357\000\040\000l\000i\036\307\000u\000\040\000t\000h\000i\036\277\000u\000\040\000\050\000I\000m\000p\000u\000t\000a\000t\000i\000o\000n\000\051}{section.4}% 62
\BOOKMARK [3][-]{subsubsection.4.3.1}{\376\377\000H\036\323\000i\000\040\000q\000u\000y}{subsection.4.3}% 63
\BOOKMARK [3][-]{subsubsection.4.3.2}{\376\377\000P\000h\000\342\000n\000\040\000l\036\333\000p}{subsection.4.3}% 64
\BOOKMARK [2][-]{subsection.4.4}{\376\377\000K\000h\036\243\000\040\000n\001\003\000n\000g\000\040\000h\036\331\000i\000\040\000t\036\345}{section.4}% 65
\BOOKMARK [3][-]{subsubsection.4.4.1}{\376\377\000H\036\323\000i\000\040\000q\000u\000y}{subsection.4.4}% 66
\BOOKMARK [3][-]{subsubsection.4.4.2}{\376\377\000P\000h\000\342\000n\000\040\000l\036\333\000p}{subsection.4.4}% 67
\BOOKMARK [1][-]{section.5}{\376\377\000K\000i\036\303\000m\000\040\000c\000h\000u\036\251\000n}{}% 68
\BOOKMARK [2][-]{subsection.5.1}{\376\377\000H\036\323\000i\000\040\000q\000u\000y}{section.5}% 69
\BOOKMARK [2][-]{subsection.5.2}{\376\377\000P\000h\000\342\000n\000\040\000l\036\333\000p}{section.5}% 70
\BOOKMARK [1][-]{section.6}{\376\377\000B\036\243\000n\000g\000\040\000s\000o\000\040\000s\000\341\000n\000h\000\040\000t\036\245\000t\000\040\000c\036\243\000\040\000m\000\364\000\040\000h\000\354\000n\000h}{}% 71
\BOOKMARK [1][-]{appendix.A}{\376\377\000T\000h\000\364\000n\000g\000\040\000t\000i\000n\000\040\000n\000h\000\363\000m}{}% 72
\BOOKMARK [2][-]{subsection.A.1}{\376\377\000T\000h\000\364\000n\000g\000\040\000t\000i\000n\000\040\000t\000h\000\340\000n\000h\000\040\000v\000i\000\352\000n}{appendix.A}% 73
\BOOKMARK [2][-]{subsection.A.2}{\376\377\000P\000h\000\342\000n\000\040\000c\000h\000i\000a\000\040\000c\000\364\000n\000g\000\040\000v\000i\036\307\000c\000\040\000v\000\340\000\040\000m\036\351\000c\000\040\001\021\036\331\000\040\000h\000o\000\340\000n\000\040\000t\000h\000\340\000n\000h}{appendix.A}% 74
\BOOKMARK [2][-]{subsection.A.3}{\376\377\000M\036\351\000c\000\040\001\021\036\331\000\040\000h\000o\000\340\000n\000\040\000t\000h\000\340\000n\000h\000\040\001\021\036\323\000\040\000\341\000n}{appendix.A}% 75
\BOOKMARK [1][-]{appendix.B}{\376\377\000M\000\343\000\040\000n\000g\000u\036\323\000n\000\040\000b\000\340\000i\000\040\000l\000\340\000m\000\040\001\021\036\323\000\040\000\341\000n}{}% 76
\BOOKMARK [1][-]{section*.325}{\376\377\000T\000\340\000i\000\040\000l\000i\036\307\000u\000\040\000t\000h\000a\000m\000\040\000k\000h\036\243\000o}{}% 77
